
> pup-filing-system-backend@1.0.0 test
> cross-env NODE_OPTIONS=--experimental-vm-modules jest --runInBand

  console.log
    ΓÜá∩╕Å  ESP32 not connected, using simulation mode

      at ESP32Controller.checkConnection (esp32Controller.js:24:15)

node.exe : (node:12444) ExperimentalWarning: VM Modules is an experimental feature 
and might change at any time
At line:1 char:1
+ & "C:\Program Files\nodejs/node.exe" "C:\Program Files\nodejs/node_mo ...
+ ~~~~~~~~~~~~~~~~~~~~~~~~~~~~~~~~~~~~~~~~~~~~~~~~~~~~~~~~~~~~~~~~~~~~~
    + CategoryInfo          : NotSpecified: ((node:12444) Ex...nge at any time:Stri 
   ng) [], RemoteException
    + FullyQualifiedErrorId : NativeCommandError
 
(Use `node --trace-warnings ...` to show where the warning was created)
  console.log
    ≡ƒÜ¬ Manual unlock request for Row 1, Column 3

      at routes/door.js:19:13

  console.log
    ≡ƒÜ¬ Attempting to unlock door at Row 1, Column 3

      at ESP32Controller.unlockDoor (esp32Controller.js:41:13)

  console.log
    ≡ƒôí ESP32 not connected, simulating unlock...

      at ESP32Controller.unlockDoor (esp32Controller.js:44:15)

  console.log
    ΓÅ│ Waiting 3 seconds before auto-lock...

      at routes/door.js:34:13

  console.log
    ≡ƒÜ¬ Manual unlock request for Row 1, Column 3

      at routes/door.js:19:13

  console.log
    ≡ƒÜ¬ Attempting to unlock door at Row 1, Column 3

      at ESP32Controller.unlockDoor (esp32Controller.js:41:13)

  console.log
    ≡ƒôí ESP32 not connected, simulating unlock...

      at ESP32Controller.unlockDoor (esp32Controller.js:44:15)

  console.log
    ΓÅ│ Waiting 3 seconds before auto-lock...

      at routes/door.js:34:13

  console.log
    ≡ƒöÆ Manual lock request for Row 1, Column 3

      at routes/door.js:68:13

  console.log
    ≡ƒöÆ Attempting to lock door at Row 1, Column 3

      at ESP32Controller.lockDoor (esp32Controller.js:102:13)

  console.log
    ≡ƒôí ESP32 not connected, simulating lock...

      at ESP32Controller.lockDoor (esp32Controller.js:105:15)

  console.log
    ≡ƒöÆ Manual lock request for Row 1, Column 3

      at routes/door.js:68:13

  console.log
    ≡ƒöÆ Attempting to lock door at Row 1, Column 3

      at ESP32Controller.lockDoor (esp32Controller.js:102:13)

  console.log
    ≡ƒôí ESP32 not connected, simulating lock...

      at ESP32Controller.lockDoor (esp32Controller.js:105:15)

  console.log
    ≡ƒôí ESP32 IP updated to: http://192.168.1.200:8080

      at ESP32Controller.setESP32IP (esp32Controller.js:177:13)

  console.log
    Γ£à ESP32 connected successfully

      at ESP32Controller.checkConnection (esp32Controller.js:20:15)

  console.log
    ≡ƒôí ESP32 IP updated to: http://192.168.1.150:80

      at ESP32Controller.setESP32IP (esp32Controller.js:177:13)

  console.log
    Γ£à ESP32 connected successfully

      at ESP32Controller.checkConnection (esp32Controller.js:20:15)

  console.error
    getAccessLogs error: Error: DB Error
        at Object.<anonymous> (C:\Users\ZLSH01LT2304005\Documents\Repos\deans-server\tests\door\door.test.js:240:61)
        at Promise.finally.completed (C:\Users\ZLSH01LT2304005\Documents\Repos\deans-server\node_modules\.pnpm\jest-circus@30.2.0\node_modules\jest-circus\build\jestAdapterInit.js:1557:28)
        at new Promise (<anonymous>)
        at callAsyncCircusFn (C:\Users\ZLSH01LT2304005\Documents\Repos\deans-server\node_modules\.pnpm\jest-circus@30.2.0\node_modules\jest-circus\build\jestAdapterInit.js:1497:10)
        at _callCircusTest (C:\Users\ZLSH01LT2304005\Documents\Repos\deans-server\node_modules\.pnpm\jest-circus@30.2.0\node_modules\jest-circus\build\jestAdapterInit.js:1007:40)
        at processTicksAndRejections (node:internal/process/task_queues:103:5)
        at _runTest (C:\Users\ZLSH01LT2304005\Documents\Repos\deans-server\node_modules\.pnpm\jest-circus@30.2.0\node_modules\jest-circus\build\jestAdapterInit.js:947:3)
        at C:\Users\ZLSH01LT2304005\Documents\Repos\deans-server\node_modules\.pnpm\jest-circus@30.2.0\node_modules\jest-circus\build\jestAdapterInit.js:849:7
        at _runTestsForDescribeBlock (C:\Users\ZLSH01LT2304005\Documents\Repos\deans-server\node_modules\.pnpm\jest-circus@30.2.0\node_modules\jest-circus\build\jestAdapterInit.js:862:11)
        at _runTestsForDescribeBlock (C:\Users\ZLSH01LT2304005\Documents\Repos\deans-server\node_modules\.pnpm\jest-circus@30.2.0\node_modules\jest-circus\build\jestAdapterInit.js:857:11)
        at _runTestsForDescribeBlock (C:\Users\ZLSH01LT2304005\Documents\Repos\deans-server\node_modules\.pnpm\jest-circus@30.2.0\node_modules\jest-circus\build\jestAdapterInit.js:857:11)
        at run (C:\Users\ZLSH01LT2304005\Documents\Repos\deans-server\node_modules\.pnpm\jest-circus@30.2.0\node_modules\jest-circus\build\jestAdapterInit.js:761:3)
        at runAndTransformResultsToJestFormat (C:\Users\ZLSH01LT2304005\Documents\Repos\deans-server\node_modules\.pnpm\jest-circus@30.2.0\node_modules\jest-circus\build\jestAdapterInit.js:1918:21)
        at jestAdapter (C:\Users\ZLSH01LT2304005\Documents\Repos\deans-server\node_modules\.pnpm\jest-circus@30.2.0\node_modules\jest-circus\build\runner.js:101:19)
        at runTestInternal (C:\Users\ZLSH01LT2304005\Documents\Repos\deans-server\node_modules\.pnpm\jest-runner@30.2.0\node_modules\jest-runner\build\index.js:275:16)
        at runTest (C:\Users\ZLSH01LT2304005\Documents\Repos\deans-server\node_modules\.pnpm\jest-runner@30.2.0\node_modules\jest-runner\build\index.js:343:7)

    [0m [90m 608 |[39m     }))[33m;[39m
     [90m 609 |[39m   } [36mcatch[39m (error) {
    [31m[1m>[22m[39m[90m 610 |[39m     console[33m.[39merror([32m'getAccessLogs error:'[39m[33m,[39m error)[33m;[39m
     [90m     |[39m             [31m[1m^[22m[39m
     [90m 611 |[39m     [36mthrow[39m error[33m;[39m
     [90m 612 |[39m   }
     [90m 613 |[39m }[33m;[39m[0m

      at getAccessLogs (prismaClient.js:610:13)
      at routes/door.js:143:18

  console.error
    Log retrieval error: Error: DB Error
        at Object.<anonymous> (C:\Users\ZLSH01LT2304005\Documents\Repos\deans-server\tests\door\door.test.js:240:61)
        at Promise.finally.completed (C:\Users\ZLSH01LT2304005\Documents\Repos\deans-server\node_modules\.pnpm\jest-circus@30.2.0\node_modules\jest-circus\build\jestAdapterInit.js:1557:28)
        at new Promise (<anonymous>)
        at callAsyncCircusFn (C:\Users\ZLSH01LT2304005\Documents\Repos\deans-server\node_modules\.pnpm\jest-circus@30.2.0\node_modules\jest-circus\build\jestAdapterInit.js:1497:10)
        at _callCircusTest (C:\Users\ZLSH01LT2304005\Documents\Repos\deans-server\node_modules\.pnpm\jest-circus@30.2.0\node_modules\jest-circus\build\jestAdapterInit.js:1007:40)
        at processTicksAndRejections (node:internal/process/task_queues:103:5)
        at _runTest (C:\Users\ZLSH01LT2304005\Documents\Repos\deans-server\node_modules\.pnpm\jest-circus@30.2.0\node_modules\jest-circus\build\jestAdapterInit.js:947:3)
        at C:\Users\ZLSH01LT2304005\Documents\Repos\deans-server\node_modules\.pnpm\jest-circus@30.2.0\node_modules\jest-circus\build\jestAdapterInit.js:849:7
        at _runTestsForDescribeBlock (C:\Users\ZLSH01LT2304005\Documents\Repos\deans-server\node_modules\.pnpm\jest-circus@30.2.0\node_modules\jest-circus\build\jestAdapterInit.js:862:11)
        at _runTestsForDescribeBlock (C:\Users\ZLSH01LT2304005\Documents\Repos\deans-server\node_modules\.pnpm\jest-circus@30.2.0\node_modules\jest-circus\build\jestAdapterInit.js:857:11)
        at _runTestsForDescribeBlock (C:\Users\ZLSH01LT2304005\Documents\Repos\deans-server\node_modules\.pnpm\jest-circus@30.2.0\node_modules\jest-circus\build\jestAdapterInit.js:857:11)
        at run (C:\Users\ZLSH01LT2304005\Documents\Repos\deans-server\node_modules\.pnpm\jest-circus@30.2.0\node_modules\jest-circus\build\jestAdapterInit.js:761:3)
        at runAndTransformResultsToJestFormat (C:\Users\ZLSH01LT2304005\Documents\Repos\deans-server\node_modules\.pnpm\jest-circus@30.2.0\node_modules\jest-circus\build\jestAdapterInit.js:1918:21)
        at jestAdapter (C:\Users\ZLSH01LT2304005\Documents\Repos\deans-server\node_modules\.pnpm\jest-circus@30.2.0\node_modules\jest-circus\build\runner.js:101:19)
        at runTestInternal (C:\Users\ZLSH01LT2304005\Documents\Repos\deans-server\node_modules\.pnpm\jest-runner@30.2.0\node_modules\jest-runner\build\index.js:275:16)
        at runTest (C:\Users\ZLSH01LT2304005\Documents\Repos\deans-server\node_modules\.pnpm\jest-runner@30.2.0\node_modules\jest-runner\build\index.js:343:7)

    [0m [90m 149 |[39m     })[33m;[39m
     [90m 150 |[39m   } [36mcatch[39m (error) {
    [31m[1m>[22m[39m[90m 151 |[39m     console[33m.[39merror([32m"Log retrieval error:"[39m[33m,[39m error)[33m;[39m
     [90m     |[39m             [31m[1m^[22m[39m
     [90m 152 |[39m     res[33m.[39mstatus([35m500[39m)[33m.[39mjson({
     [90m 153 |[39m       error[33m:[39m [32m"Failed to retrieve logs"[39m[33m,[39m
     [90m 154 |[39m       message[33m:[39m error[33m.[39mmessage[33m,[39m[0m

      at routes/door.js:151:13

FAIL tests/door/door.test.js
  Door Control Endpoints
    POST /api/door/unlock
      ΓêÜ should unlock door manually (1037 ms)
      ΓêÜ should log access when userId provided (1021 ms)
      ΓêÜ should handle missing row coordinate (4 ms)
      ΓêÜ should return 400 when column is missing (3 ms)
    POST /api/door/lock
      ΓêÜ should lock door manually in simulation mode (521 ms)
      ├ù should log access when userId is provided (512 ms)
      ΓêÜ should return 400 when required parameters are missing (3 ms)
    GET /api/door/status
      ΓêÜ should return status in simulation mode (8 ms)
    POST /api/door/esp32/config
      ΓêÜ should update ESP32 configuration (10 ms)
      ΓêÜ should use default port when not provided (6 ms)
      ΓêÜ should return 400 when IP is missing (3 ms)
    GET /api/door/logs
      ΓêÜ should return access logs (3 ms)
      ΓêÜ should return logs with default limit (2 ms)
      ΓêÜ should filter logs by userId when provided (3 ms)
      ΓêÜ should use custom limit when provided (4 ms)
      ΓêÜ should return 500 on database error (9 ms)

  ΓùÅ Door Control Endpoints ΓÇ║ POST /api/door/lock ΓÇ║ should log access when 
userId is provided

    expect(jest.fn()).toHaveBeenCalledWith(...expected)

    Expected: {"data": ObjectContaining {"notes": "Access granted", "type": 
"RETRIEVAL", "userId": "PUP001"}}

    Number of calls: 0

    [0m [90m 126 |[39m         [33m.[39mexpect([35m200[39m)[33m;[39m
     [90m 127 |[39m
    [31m[1m>[22m[39m[90m 128 |[39m       expect(mockPrismaClient[33m.[39mtra
nsaction[33m.[39mcreate)[33m.[39mtoHaveBeenCalledWith({
     [90m     |[39m                                                   
[31m[1m^[22m[39m
     [90m 129 |[39m         data[33m:[39m expect[33m.[39mobjectContaining({
     [90m 130 |[39m           userId[33m:[39m [32m'PUP001'[39m[33m,[39m
     [90m 131 |[39m           type[33m:[39m [32m'RETRIEVAL'[39m[33m,[39m[0m

      at Object.<anonymous> (tests/door/door.test.js:128:51)

  console.log
    ΓÜá∩╕Å  ESP32 not connected, using simulation mode

      at ESP32Controller.checkConnection (esp32Controller.js:24:15)

  console.log
    ΓÜá∩╕Å  ESP32 not connected, using simulation mode

      at ESP32Controller.checkConnection (esp32Controller.js:24:15)

  console.log
    ≡ƒÜ¬ Attempting to unlock door at Row 1, Column 3

      at ESP32Controller.unlockDoor (esp32Controller.js:41:13)

  console.log
    ≡ƒôí ESP32 not connected, simulating unlock...

      at ESP32Controller.unlockDoor (esp32Controller.js:44:15)


  ΓùÅ  Cannot log after tests are done. Did you forget to wait for something async 
in your test?
    Attempted to log "≡ƒöÆ Auto-locking Row 1, Column 3".

    [0m [90m 35 |[39m     [36mawait[39m sleep([35m3000[39m)[33m;[39m
     [90m 36 |[39m
    [31m[1m>[22m[39m[90m 37 |[39m     console[33m.[39mlog([32m`≡ƒöÆ 
Auto-locking Row ${row}, Column ${column}`[39m)[33m;[39m
     [90m    |[39m             [31m[1m^[22m[39m
     [90m 38 |[39m     [36mawait[39m 
esp32Controller[33m.[39mlockDoor(row[33m,[39m column)[33m;[39m
     [90m 39 |[39m
     [90m 40 |[39m     [36mif[39m (userId) {[0m

      at console.log (node_modules/.pnpm/@jest+console@30.2.0/node_modules/@jest/con
sole/build/index.js:311:10)
      at routes/door.js:37:13


  ΓùÅ  Cannot log after tests are done. Did you forget to wait for something async 
in your test?
    Attempted to log "≡ƒöÆ Attempting to lock door at Row 1, Column 3".

    [0m [90m 100 |[39m     }[33m;[39m
     [90m 101 |[39m
    [31m[1m>[22m[39m[90m 102 |[39m     console[33m.[39mlog([32m`≡ƒöÆ 
Attempting to lock door at Row ${row}, Column ${column}`[39m)[33m;[39m
     [90m     |[39m             [31m[1m^[22m[39m
     [90m 103 |[39m
     [90m 104 |[39m     [36mif[39m 
([33m![39m[36mthis[39m[33m.[39mconnected) {
     [90m 105 |[39m       console[33m.[39mlog([32m'≡ƒôí ESP32 not connected, 
simulating lock...'[39m)[33m;[39m[0m

      at console.log (node_modules/.pnpm/@jest+console@30.2.0/node_modules/@jest/con
sole/build/index.js:311:10)
      at ESP32Controller.lockDoor (esp32Controller.js:102:13)
      at routes/door.js:38:27


  ΓùÅ  Cannot log after tests are done. Did you forget to wait for something async 
in your test?
    Attempted to log "≡ƒöÆ Door locked successfully".

    [0m [90m 124 |[39m       })[33m;[39m
     [90m 125 |[39m
    [31m[1m>[22m[39m[90m 126 |[39m       console[33m.[39mlog([32m'≡ƒöÆ 
Door locked successfully'[39m)[33m;[39m
     [90m     |[39m               [31m[1m^[22m[39m
     [90m 127 |[39m
     [90m 128 |[39m       [36mreturn[39m {
     [90m 129 |[39m         status[33m:[39m [32m'success'[39m[33m,[39m[0m

      at console.log (node_modules/.pnpm/@jest+console@30.2.0/node_modules/@jest/con
sole/build/index.js:311:10)
      at ESP32Controller.lockDoor (esp32Controller.js:126:15)
      at routes/door.js:38:5

  console.error
    Γ¥î ESP32 lock failed: Cannot read properties of undefined (reading 'data')

    [0m [90m 136 |[39m
     [90m 137 |[39m     } [36mcatch[39m (error) {
    [31m[1m>[22m[39m[90m 138 |[39m       console[33m.[39merror([32m'Γ¥î ESP32 lock failed:'[39m[33m,[39m error[33m.[39mmessage)[33m;[39m
     [90m     |[39m               [31m[1m^[22m[39m
     [90m 139 |[39m       [36mthrow[39m [36mnew[39m [33mError[39m([32m`ESP32 lock error: ${error.response?.data?.message || error.message}`[39m)[33m;[39m
     [90m 140 |[39m     }
     [90m 141 |[39m   }[0m

      at ESP32Controller.lockDoor (esp32Controller.js:138:15)
      at routes/door.js:38:5

  console.error
    Manual unlock error: [Error: ESP32 lock error: Cannot read properties of undefined (reading 'data')]

    [0m [90m 42 |[39m     }
     [90m 43 |[39m   } [36mcatch[39m (error) {
    [31m[1m>[22m[39m[90m 44 |[39m     console[33m.[39merror([32m"Manual unlock error:"[39m[33m,[39m error)[33m;[39m
     [90m    |[39m             [31m[1m^[22m[39m
     [90m 45 |[39m
     [90m 46 |[39m     [36mif[39m (userId) {
     [90m 47 |[39m       [36mawait[39m logAccess(userId[33m,[39m [36mnull[39m[33m,[39m [32m"manual_unlock_failed"[39m[33m,[39m row[33m,[39m column[33m,[39m [36mfalse[39m)[33m;[39m[0m

      at routes/door.js:44:13

  console.log
    ΓÜá∩╕Å  ESP32 not connected, using simulation mode

      at ESP32Controller.checkConnection (esp32Controller.js:24:15)

  console.log
    ≡ƒöÆ Attempting to lock door at Row 2, Column 4

      at ESP32Controller.lockDoor (esp32Controller.js:102:13)

  console.log
    ≡ƒôí ESP32 not connected, simulating lock...

      at ESP32Controller.lockDoor (esp32Controller.js:105:15)


  ΓùÅ  Cannot log after tests are done. Did you forget to wait for something async 
in your test?
    Attempted to log "≡ƒöÆ Auto-locking Row 1, Column 3".

    [0m [90m 35 |[39m     [36mawait[39m sleep([35m3000[39m)[33m;[39m
     [90m 36 |[39m
    [31m[1m>[22m[39m[90m 37 |[39m     console[33m.[39mlog([32m`≡ƒöÆ 
Auto-locking Row ${row}, Column ${column}`[39m)[33m;[39m
     [90m    |[39m             [31m[1m^[22m[39m
     [90m 38 |[39m     [36mawait[39m 
esp32Controller[33m.[39mlockDoor(row[33m,[39m column)[33m;[39m
     [90m 39 |[39m
     [90m 40 |[39m     [36mif[39m (userId) {[0m

      at console.log (node_modules/.pnpm/@jest+console@30.2.0/node_modules/@jest/con
sole/build/index.js:311:10)
      at routes/door.js:37:13


  ΓùÅ  Cannot log after tests are done. Did you forget to wait for something async 
in your test?
    Attempted to log "≡ƒöÆ Attempting to lock door at Row 1, Column 3".

    [0m [90m 100 |[39m     }[33m;[39m
     [90m 101 |[39m
    [31m[1m>[22m[39m[90m 102 |[39m     console[33m.[39mlog([32m`≡ƒöÆ 
Attempting to lock door at Row ${row}, Column ${column}`[39m)[33m;[39m
     [90m     |[39m             [31m[1m^[22m[39m
     [90m 103 |[39m
     [90m 104 |[39m     [36mif[39m 
([33m![39m[36mthis[39m[33m.[39mconnected) {
     [90m 105 |[39m       console[33m.[39mlog([32m'≡ƒôí ESP32 not connected, 
simulating lock...'[39m)[33m;[39m[0m

      at console.log (node_modules/.pnpm/@jest+console@30.2.0/node_modules/@jest/con
sole/build/index.js:311:10)
      at ESP32Controller.lockDoor (esp32Controller.js:102:13)
      at routes/door.js:38:27


  ΓùÅ  Cannot log after tests are done. Did you forget to wait for something async 
in your test?
    Attempted to log "≡ƒöÆ Door locked successfully".

    [0m [90m 124 |[39m       })[33m;[39m
     [90m 125 |[39m
    [31m[1m>[22m[39m[90m 126 |[39m       console[33m.[39mlog([32m'≡ƒöÆ 
Door locked successfully'[39m)[33m;[39m
     [90m     |[39m               [31m[1m^[22m[39m
     [90m 127 |[39m
     [90m 128 |[39m       [36mreturn[39m {
     [90m 129 |[39m         status[33m:[39m [32m'success'[39m[33m,[39m[0m

      at console.log (node_modules/.pnpm/@jest+console@30.2.0/node_modules/@jest/con
sole/build/index.js:311:10)
      at ESP32Controller.lockDoor (esp32Controller.js:126:15)
      at routes/door.js:38:5

  console.error
    Γ¥î ESP32 lock failed: Cannot read properties of undefined (reading 'data')

    [0m [90m 136 |[39m
     [90m 137 |[39m     } [36mcatch[39m (error) {
    [31m[1m>[22m[39m[90m 138 |[39m       console[33m.[39merror([32m'Γ¥î ESP32 lock failed:'[39m[33m,[39m error[33m.[39mmessage)[33m;[39m
     [90m     |[39m               [31m[1m^[22m[39m
     [90m 139 |[39m       [36mthrow[39m [36mnew[39m [33mError[39m([32m`ESP32 lock error: ${error.response?.data?.message || error.message}`[39m)[33m;[39m
     [90m 140 |[39m     }
     [90m 141 |[39m   }[0m

      at ESP32Controller.lockDoor (esp32Controller.js:138:15)
      at routes/door.js:38:5

  console.error
    Manual unlock error: [Error: ESP32 lock error: Cannot read properties of undefined (reading 'data')]

    [0m [90m 42 |[39m     }
     [90m 43 |[39m   } [36mcatch[39m (error) {
    [31m[1m>[22m[39m[90m 44 |[39m     console[33m.[39merror([32m"Manual unlock error:"[39m[33m,[39m error)[33m;[39m
     [90m    |[39m             [31m[1m^[22m[39m
     [90m 45 |[39m
     [90m 46 |[39m     [36mif[39m (userId) {
     [90m 47 |[39m       [36mawait[39m logAccess(userId[33m,[39m [36mnull[39m[33m,[39m [32m"manual_unlock_failed"[39m[33m,[39m row[33m,[39m column[33m,[39m [36mfalse[39m)[33m;[39m[0m

      at routes/door.js:44:13


  ΓùÅ  Cannot log after tests are done. Did you forget to wait for something async 
in your test?
    Attempted to log "≡ƒô¥ Transaction logged: RETRIEVAL for file null by user 
PUP001".

    [0m [90m 398 |[39m     })[33m;[39m
     [90m 399 |[39m
    [31m[1m>[22m[39m[90m 400 |[39m     console[33m.[39mlog([32m`≡ƒô¥ 
Transaction logged: ${transactionType} for file ${fileId} by user 
${userId}`[39m)[33m;[39m
     [90m     |[39m             [31m[1m^[22m[39m
     [90m 401 |[39m     [36mreturn[39m { logId[33m:[39m 
transaction[33m.[39mid }[33m;[39m
     [90m 402 |[39m   } [36mcatch[39m (error) {
     [90m 403 |[39m     console[33m.[39merror([32m'Transaction logging 
error:'[39m[33m,[39m error)[33m;[39m[0m

      at console.log (node_modules/.pnpm/@jest+console@30.2.0/node_modules/@jest/con
sole/build/index.js:311:10)
      at logAccess (prismaClient.js:400:13)
      at routes/door.js:47:7

  console.error
    Transaction logging error: [TypeError: Cannot read properties of undefined (reading 'id')]

    [0m [90m 401 |[39m     [36mreturn[39m { logId[33m:[39m transaction[33m.[39mid }[33m;[39m
     [90m 402 |[39m   } [36mcatch[39m (error) {
    [31m[1m>[22m[39m[90m 403 |[39m     console[33m.[39merror([32m'Transaction logging error:'[39m[33m,[39m error)[33m;[39m
     [90m     |[39m             [31m[1m^[22m[39m
     [90m 404 |[39m     [36mthrow[39m error[33m;[39m
     [90m 405 |[39m   }
     [90m 406 |[39m }[33m;[39m[0m

      at logAccess (prismaClient.js:403:13)
      at routes/door.js:47:7

  console.log
    ΓÜá∩╕Å  ESP32 not connected, using simulation mode

      at ESP32Controller.checkConnection (esp32Controller.js:24:15)

  console.log
    Γ£à ESP32 connected successfully

      at ESP32Controller.checkConnection (esp32Controller.js:20:15)

  console.log
    Γ£à ESP32 connected successfully

      at ESP32Controller.checkConnection (esp32Controller.js:20:15)

  console.log
    ≡ƒÜ¬ Attempting to unlock door at Row 1, Column 3

      at ESP32Controller.unlockDoor (esp32Controller.js:41:13)

  console.log
    Γ£à Door unlocked successfully in 0ms

      at ESP32Controller.unlockDoor (esp32Controller.js:70:15)

  console.log
    Γ£à ESP32 connected successfully

      at ESP32Controller.checkConnection (esp32Controller.js:20:15)

  console.log
    ≡ƒöÆ Attempting to lock door at Row 2, Column 4

      at ESP32Controller.lockDoor (esp32Controller.js:102:13)

  console.log
    ≡ƒöÆ Door locked successfully

      at ESP32Controller.lockDoor (esp32Controller.js:126:15)

  console.log
    Γ£à ESP32 connected successfully

      at ESP32Controller.checkConnection (esp32Controller.js:20:15)

  console.log
    Γ£à ESP32 connected successfully

      at ESP32Controller.checkConnection (esp32Controller.js:20:15)

  console.log
    ≡ƒÜ¬ Attempting to unlock door at Row 1, Column 3

      at ESP32Controller.unlockDoor (esp32Controller.js:41:13)

  console.error
    Γ¥î ESP32 unlock failed: ESP32 connection failed

    [0m [90m 81 |[39m
     [90m 82 |[39m     } [36mcatch[39m (error) {
    [31m[1m>[22m[39m[90m 83 |[39m       console[33m.[39merror([32m'Γ¥î ESP32 unlock failed:'[39m[33m,[39m error[33m.[39mmessage)[33m;[39m
     [90m    |[39m               [31m[1m^[22m[39m
     [90m 84 |[39m       
     [90m 85 |[39m       [36mif[39m (error[33m.[39mcode [33m===[39m [32m'ECONNREFUSED'[39m [33m||[39m error[33m.[39mcode [33m===[39m [32m'ETIMEDOUT'[39m) {
     [90m 86 |[39m         [36mthis[39m[33m.[39mconnected [33m=[39m [36mfalse[39m[33m;[39m[0m

      at ESP32Controller.unlockDoor (esp32Controller.js:83:15)
      at Object.<anonymous> (tests/door/esp32Controller.test.js:142:7)

  console.log
    Γ£à ESP32 connected successfully

      at ESP32Controller.checkConnection (esp32Controller.js:20:15)

  console.log
    ≡ƒÜ¬ Attempting to unlock door at Row 1, Column 3

      at ESP32Controller.unlockDoor (esp32Controller.js:41:13)

  console.error
    Γ¥î ESP32 unlock failed: Timeout

    [0m [90m 81 |[39m
     [90m 82 |[39m     } [36mcatch[39m (error) {
    [31m[1m>[22m[39m[90m 83 |[39m       console[33m.[39merror([32m'Γ¥î ESP32 unlock failed:'[39m[33m,[39m error[33m.[39mmessage)[33m;[39m
     [90m    |[39m               [31m[1m^[22m[39m
     [90m 84 |[39m       
     [90m 85 |[39m       [36mif[39m (error[33m.[39mcode [33m===[39m [32m'ECONNREFUSED'[39m [33m||[39m error[33m.[39mcode [33m===[39m [32m'ETIMEDOUT'[39m) {
     [90m 86 |[39m         [36mthis[39m[33m.[39mconnected [33m=[39m [36mfalse[39m[33m;[39m[0m

      at ESP32Controller.unlockDoor (esp32Controller.js:83:15)
      at Object.<anonymous> (tests/door/esp32Controller.test.js:151:7)

  console.log
    Γ£à ESP32 connected successfully

      at ESP32Controller.checkConnection (esp32Controller.js:20:15)

  console.log
    ≡ƒÜ¬ Attempting to unlock door at Row 1, Column 3

      at ESP32Controller.unlockDoor (esp32Controller.js:41:13)

  console.error
    Γ¥î ESP32 unlock failed: ESP32 Error

    [0m [90m 81 |[39m
     [90m 82 |[39m     } [36mcatch[39m (error) {
    [31m[1m>[22m[39m[90m 83 |[39m       console[33m.[39merror([32m'Γ¥î ESP32 unlock failed:'[39m[33m,[39m error[33m.[39mmessage)[33m;[39m
     [90m    |[39m               [31m[1m^[22m[39m
     [90m 84 |[39m       
     [90m 85 |[39m       [36mif[39m (error[33m.[39mcode [33m===[39m [32m'ECONNREFUSED'[39m [33m||[39m error[33m.[39mcode [33m===[39m [32m'ETIMEDOUT'[39m) {
     [90m 86 |[39m         [36mthis[39m[33m.[39mconnected [33m=[39m [36mfalse[39m[33m;[39m[0m

      at ESP32Controller.unlockDoor (esp32Controller.js:83:15)
      at Object.<anonymous> (tests/door/esp32Controller.test.js:160:7)

  console.log
    Γ£à ESP32 connected successfully

      at ESP32Controller.checkConnection (esp32Controller.js:20:15)

  console.log
    Γ£à ESP32 connected successfully

      at ESP32Controller.checkConnection (esp32Controller.js:20:15)

  console.log
    ≡ƒöÆ Attempting to lock door at Row 1, Column 1

      at ESP32Controller.lockDoor (esp32Controller.js:102:13)

  console.error
    Γ¥î ESP32 lock failed: Lock failed

    [0m [90m 136 |[39m
     [90m 137 |[39m     } [36mcatch[39m (error) {
    [31m[1m>[22m[39m[90m 138 |[39m       console[33m.[39merror([32m'Γ¥î ESP32 lock failed:'[39m[33m,[39m error[33m.[39mmessage)[33m;[39m
     [90m     |[39m               [31m[1m^[22m[39m
     [90m 139 |[39m       [36mthrow[39m [36mnew[39m [33mError[39m([32m`ESP32 lock error: ${error.response?.data?.message || error.message}`[39m)[33m;[39m
     [90m 140 |[39m     }
     [90m 141 |[39m   }[0m

      at ESP32Controller.lockDoor (esp32Controller.js:138:15)
      at Object.<anonymous> (tests/door/esp32Controller.test.js:178:7)

  console.log
    ΓÜá∩╕Å  ESP32 not connected, using simulation mode

      at ESP32Controller.checkConnection (esp32Controller.js:24:15)

  console.log
    ≡ƒôí ESP32 IP updated to: http://192.168.1.200:8080

      at ESP32Controller.setESP32IP (esp32Controller.js:177:13)

  console.log
    Γ£à ESP32 connected successfully

      at ESP32Controller.checkConnection (esp32Controller.js:20:15)

  console.log
    ΓÜá∩╕Å  ESP32 not connected, using simulation mode

      at ESP32Controller.checkConnection (esp32Controller.js:24:15)

  console.log
    ≡ƒôí ESP32 IP updated to: http://192.168.1.150:80

      at ESP32Controller.setESP32IP (esp32Controller.js:177:13)

  console.log
    ΓÜá∩╕Å  ESP32 not connected, using simulation mode

      at ESP32Controller.checkConnection (esp32Controller.js:24:15)

FAIL tests/door/esp32Controller.test.js
  ESP32Controller
    Simulation Mode
      ΓêÜ should initialize in simulation mode when ESP32 is not connected (105 ms)
      ├ù should simulate unlock in simulation mode (1114 ms)
      ├ù should simulate lock in simulation mode (616 ms)
      ΓêÜ should return disconnected status in simulation mode (114 ms)
    Connected Mode
      ΓêÜ should initialize as connected when ESP32 responds to health check (109 
ms)
      ΓêÜ should unlock door successfully when connected (110 ms)
      ΓêÜ should lock door successfully when connected (107 ms)
      ΓêÜ should get ESP32 status when connected (108 ms)
    Error Handling
      ΓêÜ should throw error when unlock fails with connection refused (114 ms)
      ΓêÜ should throw error when unlock fails with timeout (106 ms)
      ΓêÜ should throw error when unlock fails with response error (108 ms)
      ΓêÜ should mark as disconnected when status check fails (106 ms)
      ΓêÜ should throw error when lock fails (110 ms)
    Configuration
      ΓêÜ should update ESP32 IP address (218 ms)
      ΓêÜ should use default port when not specified (109 ms)

  ΓùÅ ESP32Controller ΓÇ║ Simulation Mode ΓÇ║ should simulate unlock in simulation 
mode

    Cannot set headers after they are sent to the client

    [0m [90m 48 |[39m     }
     [90m 49 |[39m
    [31m[1m>[22m[39m[90m 50 |[39m     
res[33m.[39mstatus([35m500[39m)[33m.[39mjson({
     [90m    |[39m                     [31m[1m^[22m[39m
     [90m 51 |[39m       error[33m:[39m [32m"Unlock failed"[39m[33m,[39m
     [90m 52 |[39m       message[33m:[39m error[33m.[39mmessage[33m,[39m
     [90m 53 |[39m     })[33m;[39m[0m

      at ServerResponse.header 
(node_modules/.pnpm/express@4.21.2/node_modules/express/lib/response.js:794:10)
      at ServerResponse.send 
(node_modules/.pnpm/express@4.21.2/node_modules/express/lib/response.js:174:12)
      at ServerResponse.json 
(node_modules/.pnpm/express@4.21.2/node_modules/express/lib/response.js:278:15)
      at routes/door.js:50:21

  ΓùÅ ESP32Controller ΓÇ║ Simulation Mode ΓÇ║ should simulate lock in simulation 
mode




  console.error
    File retrieval error: Error: DB Error
        at Object.<anonymous> (C:\Users\ZLSH01LT2304005\Documents\Repos\deans-server\tests\files\files.test.js:107:42)
        at Promise.finally.completed (C:\Users\ZLSH01LT2304005\Documents\Repos\deans-server\node_modules\.pnpm\jest-circus@30.2.0\node_modules\jest-circus\build\jestAdapterInit.js:1557:28)
        at new Promise (<anonymous>)
        at callAsyncCircusFn (C:\Users\ZLSH01LT2304005\Documents\Repos\deans-server\node_modules\.pnpm\jest-circus@30.2.0\node_modules\jest-circus\build\jestAdapterInit.js:1497:10)
        at _callCircusTest (C:\Users\ZLSH01LT2304005\Documents\Repos\deans-server\node_modules\.pnpm\jest-circus@30.2.0\node_modules\jest-circus\build\jestAdapterInit.js:1007:40)
        at processTicksAndRejections (node:internal/process/task_queues:103:5)
        at _runTest (C:\Users\ZLSH01LT2304005\Documents\Repos\deans-server\node_modules\.pnpm\jest-circus@30.2.0\node_modules\jest-circus\build\jestAdapterInit.js:947:3)
        at C:\Users\ZLSH01LT2304005\Documents\Repos\deans-server\node_modules\.pnpm\jest-circus@30.2.0\node_modules\jest-circus\build\jestAdapterInit.js:849:7
        at _runTestsForDescribeBlock (C:\Users\ZLSH01LT2304005\Documents\Repos\deans-server\node_modules\.pnpm\jest-circus@30.2.0\node_modules\jest-circus\build\jestAdapterInit.js:862:11)
        at _runTestsForDescribeBlock (C:\Users\ZLSH01LT2304005\Documents\Repos\deans-server\node_modules\.pnpm\jest-circus@30.2.0\node_modules\jest-circus\build\jestAdapterInit.js:857:11)
        at _runTestsForDescribeBlock (C:\Users\ZLSH01LT2304005\Documents\Repos\deans-server\node_modules\.pnpm\jest-circus@30.2.0\node_modules\jest-circus\build\jestAdapterInit.js:857:11)
        at run (C:\Users\ZLSH01LT2304005\Documents\Repos\deans-server\node_modules\.pnpm\jest-circus@30.2.0\node_modules\jest-circus\build\jestAdapterInit.js:761:3)
        at runAndTransformResultsToJestFormat (C:\Users\ZLSH01LT2304005\Documents\Repos\deans-server\node_modules\.pnpm\jest-circus@30.2.0\node_modules\jest-circus\build\jestAdapterInit.js:1918:21)
        at jestAdapter (C:\Users\ZLSH01LT2304005\Documents\Repos\deans-server\node_modules\.pnpm\jest-circus@30.2.0\node_modules\jest-circus\build\runner.js:101:19)
        at runTestInternal (C:\Users\ZLSH01LT2304005\Documents\Repos\deans-server\node_modules\.pnpm\jest-runner@30.2.0\node_modules\jest-runner\build\index.js:275:16)
        at runTest (C:\Users\ZLSH01LT2304005\Documents\Repos\deans-server\node_modules\.pnpm\jest-runner@30.2.0\node_modules\jest-runner\build\index.js:343:7)

    [0m [90m 232 |[39m
     [90m 233 |[39m   } [36mcatch[39m (error) {
    [31m[1m>[22m[39m[90m 234 |[39m     console[33m.[39merror([32m'File retrieval error:'[39m[33m,[39m error)[33m;[39m
     [90m     |[39m             [31m[1m^[22m[39m
     [90m 235 |[39m     res[33m.[39mstatus([35m500[39m)[33m.[39mjson({
     [90m 236 |[39m       error[33m:[39m [32m'Failed to retrieve files'[39m[33m,[39m
     [90m 237 |[39m       message[33m:[39m error[33m.[39mmessage[0m

      at routes/files.js:234:13

  console.error
    Database error: Error: DB Error
        at Object.<anonymous> (C:\Users\ZLSH01LT2304005\Documents\Repos\deans-server\tests\files\files.test.js:144:41)
        at Promise.finally.completed (C:\Users\ZLSH01LT2304005\Documents\Repos\deans-server\node_modules\.pnpm\jest-circus@30.2.0\node_modules\jest-circus\build\jestAdapterInit.js:1557:28)
        at new Promise (<anonymous>)
        at callAsyncCircusFn (C:\Users\ZLSH01LT2304005\Documents\Repos\deans-server\node_modules\.pnpm\jest-circus@30.2.0\node_modules\jest-circus\build\jestAdapterInit.js:1497:10)
        at _callCircusTest (C:\Users\ZLSH01LT2304005\Documents\Repos\deans-server\node_modules\.pnpm\jest-circus@30.2.0\node_modules\jest-circus\build\jestAdapterInit.js:1007:40)
        at processTicksAndRejections (node:internal/process/task_queues:103:5)
        at _runTest (C:\Users\ZLSH01LT2304005\Documents\Repos\deans-server\node_modules\.pnpm\jest-circus@30.2.0\node_modules\jest-circus\build\jestAdapterInit.js:947:3)
        at C:\Users\ZLSH01LT2304005\Documents\Repos\deans-server\node_modules\.pnpm\jest-circus@30.2.0\node_modules\jest-circus\build\jestAdapterInit.js:849:7
        at _runTestsForDescribeBlock (C:\Users\ZLSH01LT2304005\Documents\Repos\deans-server\node_modules\.pnpm\jest-circus@30.2.0\node_modules\jest-circus\build\jestAdapterInit.js:862:11)
        at _runTestsForDescribeBlock (C:\Users\ZLSH01LT2304005\Documents\Repos\deans-server\node_modules\.pnpm\jest-circus@30.2.0\node_modules\jest-circus\build\jestAdapterInit.js:857:11)
        at _runTestsForDescribeBlock (C:\Users\ZLSH01LT2304005\Documents\Repos\deans-server\node_modules\.pnpm\jest-circus@30.2.0\node_modules\jest-circus\build\jestAdapterInit.js:857:11)
        at run (C:\Users\ZLSH01LT2304005\Documents\Repos\deans-server\node_modules\.pnpm\jest-circus@30.2.0\node_modules\jest-circus\build\jestAdapterInit.js:761:3)
        at runAndTransformResultsToJestFormat (C:\Users\ZLSH01LT2304005\Documents\Repos\deans-server\node_modules\.pnpm\jest-circus@30.2.0\node_modules\jest-circus\build\jestAdapterInit.js:1918:21)
        at jestAdapter (C:\Users\ZLSH01LT2304005\Documents\Repos\deans-server\node_modules\.pnpm\jest-circus@30.2.0\node_modules\jest-circus\build\runner.js:101:19)
        at runTestInternal (C:\Users\ZLSH01LT2304005\Documents\Repos\deans-server\node_modules\.pnpm\jest-runner@30.2.0\node_modules\jest-runner\build\index.js:275:16)
        at runTest (C:\Users\ZLSH01LT2304005\Documents\Repos\deans-server\node_modules\.pnpm\jest-runner@30.2.0\node_modules\jest-runner\build\index.js:343:7)

    [0m [90m 250 |[39m     })[33m;[39m
     [90m 251 |[39m   } [36mcatch[39m (error) {
    [31m[1m>[22m[39m[90m 252 |[39m     console[33m.[39merror([32m'Database error:'[39m[33m,[39m error)[33m;[39m
     [90m     |[39m             [31m[1m^[22m[39m
     [90m 253 |[39m     res[33m.[39mstatus([35m500[39m)[33m.[39mjson({
     [90m 254 |[39m       error[33m:[39m [32m'Failed to retrieve all files'[39m[33m,[39m
     [90m 255 |[39m       message[33m:[39m error[33m.[39mmessage[0m

      at routes/files.js:252:13

  console.error
    Search error: Error: Search failed
        at Object.<anonymous> (C:\Users\ZLSH01LT2304005\Documents\Repos\deans-server\tests\files\files.test.js:190:41)
        at Promise.finally.completed (C:\Users\ZLSH01LT2304005\Documents\Repos\deans-server\node_modules\.pnpm\jest-circus@30.2.0\node_modules\jest-circus\build\jestAdapterInit.js:1557:28)
        at new Promise (<anonymous>)
        at callAsyncCircusFn (C:\Users\ZLSH01LT2304005\Documents\Repos\deans-server\node_modules\.pnpm\jest-circus@30.2.0\node_modules\jest-circus\build\jestAdapterInit.js:1497:10)
        at _callCircusTest (C:\Users\ZLSH01LT2304005\Documents\Repos\deans-server\node_modules\.pnpm\jest-circus@30.2.0\node_modules\jest-circus\build\jestAdapterInit.js:1007:40)
        at processTicksAndRejections (node:internal/process/task_queues:103:5)
        at _runTest (C:\Users\ZLSH01LT2304005\Documents\Repos\deans-server\node_modules\.pnpm\jest-circus@30.2.0\node_modules\jest-circus\build\jestAdapterInit.js:947:3)
        at C:\Users\ZLSH01LT2304005\Documents\Repos\deans-server\node_modules\.pnpm\jest-circus@30.2.0\node_modules\jest-circus\build\jestAdapterInit.js:849:7
        at _runTestsForDescribeBlock (C:\Users\ZLSH01LT2304005\Documents\Repos\deans-server\node_modules\.pnpm\jest-circus@30.2.0\node_modules\jest-circus\build\jestAdapterInit.js:862:11)
        at _runTestsForDescribeBlock (C:\Users\ZLSH01LT2304005\Documents\Repos\deans-server\node_modules\.pnpm\jest-circus@30.2.0\node_modules\jest-circus\build\jestAdapterInit.js:857:11)
        at _runTestsForDescribeBlock (C:\Users\ZLSH01LT2304005\Documents\Repos\deans-server\node_modules\.pnpm\jest-circus@30.2.0\node_modules\jest-circus\build\jestAdapterInit.js:857:11)
        at run (C:\Users\ZLSH01LT2304005\Documents\Repos\deans-server\node_modules\.pnpm\jest-circus@30.2.0\node_modules\jest-circus\build\jestAdapterInit.js:761:3)
        at runAndTransformResultsToJestFormat (C:\Users\ZLSH01LT2304005\Documents\Repos\deans-server\node_modules\.pnpm\jest-circus@30.2.0\node_modules\jest-circus\build\jestAdapterInit.js:1918:21)
        at jestAdapter (C:\Users\ZLSH01LT2304005\Documents\Repos\deans-server\node_modules\.pnpm\jest-circus@30.2.0\node_modules\jest-circus\build\runner.js:101:19)
        at runTestInternal (C:\Users\ZLSH01LT2304005\Documents\Repos\deans-server\node_modules\.pnpm\jest-runner@30.2.0\node_modules\jest-runner\build\index.js:275:16)
        at runTest (C:\Users\ZLSH01LT2304005\Documents\Repos\deans-server\node_modules\.pnpm\jest-runner@30.2.0\node_modules\jest-runner\build\index.js:343:7)

    [0m [90m 314 |[39m     })[33m;[39m
     [90m 315 |[39m   } [36mcatch[39m (error) {
    [31m[1m>[22m[39m[90m 316 |[39m     console[33m.[39merror([32m'Search error:'[39m[33m,[39m error)[33m;[39m
     [90m     |[39m             [31m[1m^[22m[39m
     [90m 317 |[39m     res[33m.[39mstatus([35m500[39m)[33m.[39mjson({
     [90m 318 |[39m       error[33m:[39m [32m'Search failed'[39m[33m,[39m
     [90m 319 |[39m       message[33m:[39m error[33m.[39mmessage[0m

      at routes/files.js:316:13

  console.error
    File creation error: Error: DB Error
        at Object.<anonymous> (C:\Users\ZLSH01LT2304005\Documents\Repos\deans-server\tests\files\files.test.js:235:37)
        at Promise.finally.completed (C:\Users\ZLSH01LT2304005\Documents\Repos\deans-server\node_modules\.pnpm\jest-circus@30.2.0\node_modules\jest-circus\build\jestAdapterInit.js:1557:28)
        at new Promise (<anonymous>)
        at callAsyncCircusFn (C:\Users\ZLSH01LT2304005\Documents\Repos\deans-server\node_modules\.pnpm\jest-circus@30.2.0\node_modules\jest-circus\build\jestAdapterInit.js:1497:10)
        at _callCircusTest (C:\Users\ZLSH01LT2304005\Documents\Repos\deans-server\node_modules\.pnpm\jest-circus@30.2.0\node_modules\jest-circus\build\jestAdapterInit.js:1007:40)
        at processTicksAndRejections (node:internal/process/task_queues:103:5)
        at _runTest (C:\Users\ZLSH01LT2304005\Documents\Repos\deans-server\node_modules\.pnpm\jest-circus@30.2.0\node_modules\jest-circus\build\jestAdapterInit.js:947:3)
        at C:\Users\ZLSH01LT2304005\Documents\Repos\deans-server\node_modules\.pnpm\jest-circus@30.2.0\node_modules\jest-circus\build\jestAdapterInit.js:849:7
        at _runTestsForDescribeBlock (C:\Users\ZLSH01LT2304005\Documents\Repos\deans-server\node_modules\.pnpm\jest-circus@30.2.0\node_modules\jest-circus\build\jestAdapterInit.js:862:11)
        at _runTestsForDescribeBlock (C:\Users\ZLSH01LT2304005\Documents\Repos\deans-server\node_modules\.pnpm\jest-circus@30.2.0\node_modules\jest-circus\build\jestAdapterInit.js:857:11)
        at _runTestsForDescribeBlock (C:\Users\ZLSH01LT2304005\Documents\Repos\deans-server\node_modules\.pnpm\jest-circus@30.2.0\node_modules\jest-circus\build\jestAdapterInit.js:857:11)
        at run (C:\Users\ZLSH01LT2304005\Documents\Repos\deans-server\node_modules\.pnpm\jest-circus@30.2.0\node_modules\jest-circus\build\jestAdapterInit.js:761:3)
        at runAndTransformResultsToJestFormat (C:\Users\ZLSH01LT2304005\Documents\Repos\deans-server\node_modules\.pnpm\jest-circus@30.2.0\node_modules\jest-circus\build\jestAdapterInit.js:1918:21)
        at jestAdapter (C:\Users\ZLSH01LT2304005\Documents\Repos\deans-server\node_modules\.pnpm\jest-circus@30.2.0\node_modules\jest-circus\build\runner.js:101:19)
        at runTestInternal (C:\Users\ZLSH01LT2304005\Documents\Repos\deans-server\node_modules\.pnpm\jest-runner@30.2.0\node_modules\jest-runner\build\index.js:275:16)
        at runTest (C:\Users\ZLSH01LT2304005\Documents\Repos\deans-server\node_modules\.pnpm\jest-runner@30.2.0\node_modules\jest-runner\build\index.js:343:7)

    [0m [90m 286 |[39m     })[33m;[39m
     [90m 287 |[39m   } [36mcatch[39m (error) {
    [31m[1m>[22m[39m[90m 288 |[39m     console[33m.[39merror([32m'File creation error:'[39m[33m,[39m error)[33m;[39m
     [90m     |[39m             [31m[1m^[22m[39m
     [90m 289 |[39m     res[33m.[39mstatus([35m500[39m)[33m.[39mjson({
     [90m 290 |[39m       error[33m:[39m [32m'Failed to add file'[39m[33m,[39m
     [90m 291 |[39m       message[33m:[39m error[33m.[39mmessage[0m

      at routes/files.js:288:13

  console.log
    ≡ƒöÆ Attempting to lock door at Row 2, Column 2

      at ESP32Controller.lockDoor (esp32Controller.js:102:13)

  console.log
    ≡ƒôí ESP32 not connected, simulating lock...

      at ESP32Controller.lockDoor (esp32Controller.js:105:15)

  console.error
    File return error: Error: DB Error
        at Object.<anonymous> (C:\Users\ZLSH01LT2304005\Documents\Repos\deans-server\tests\files\files.test.js:287:40)
        at Promise.finally.completed (C:\Users\ZLSH01LT2304005\Documents\Repos\deans-server\node_modules\.pnpm\jest-circus@30.2.0\node_modules\jest-circus\build\jestAdapterInit.js:1557:28)
        at new Promise (<anonymous>)
        at callAsyncCircusFn (C:\Users\ZLSH01LT2304005\Documents\Repos\deans-server\node_modules\.pnpm\jest-circus@30.2.0\node_modules\jest-circus\build\jestAdapterInit.js:1497:10)
        at _callCircusTest (C:\Users\ZLSH01LT2304005\Documents\Repos\deans-server\node_modules\.pnpm\jest-circus@30.2.0\node_modules\jest-circus\build\jestAdapterInit.js:1007:40)
        at processTicksAndRejections (node:internal/process/task_queues:103:5)
        at _runTest (C:\Users\ZLSH01LT2304005\Documents\Repos\deans-server\node_modules\.pnpm\jest-circus@30.2.0\node_modules\jest-circus\build\jestAdapterInit.js:947:3)
        at C:\Users\ZLSH01LT2304005\Documents\Repos\deans-server\node_modules\.pnpm\jest-circus@30.2.0\node_modules\jest-circus\build\jestAdapterInit.js:849:7
        at _runTestsForDescribeBlock (C:\Users\ZLSH01LT2304005\Documents\Repos\deans-server\node_modules\.pnpm\jest-circus@30.2.0\node_modules\jest-circus\build\jestAdapterInit.js:862:11)
        at _runTestsForDescribeBlock (C:\Users\ZLSH01LT2304005\Documents\Repos\deans-server\node_modules\.pnpm\jest-circus@30.2.0\node_modules\jest-circus\build\jestAdapterInit.js:857:11)
        at _runTestsForDescribeBlock (C:\Users\ZLSH01LT2304005\Documents\Repos\deans-server\node_modules\.pnpm\jest-circus@30.2.0\node_modules\jest-circus\build\jestAdapterInit.js:857:11)
        at run (C:\Users\ZLSH01LT2304005\Documents\Repos\deans-server\node_modules\.pnpm\jest-circus@30.2.0\node_modules\jest-circus\build\jestAdapterInit.js:761:3)
        at runAndTransformResultsToJestFormat (C:\Users\ZLSH01LT2304005\Documents\Repos\deans-server\node_modules\.pnpm\jest-circus@30.2.0\node_modules\jest-circus\build\jestAdapterInit.js:1918:21)
        at jestAdapter (C:\Users\ZLSH01LT2304005\Documents\Repos\deans-server\node_modules\.pnpm\jest-circus@30.2.0\node_modules\jest-circus\build\runner.js:101:19)
        at runTestInternal (C:\Users\ZLSH01LT2304005\Documents\Repos\deans-server\node_modules\.pnpm\jest-runner@30.2.0\node_modules\jest-runner\build\index.js:275:16)
        at runTest (C:\Users\ZLSH01LT2304005\Documents\Repos\deans-server\node_modules\.pnpm\jest-runner@30.2.0\node_modules\jest-runner\build\index.js:343:7)

    [0m [90m 452 |[39m
     [90m 453 |[39m   } [36mcatch[39m (error) {
    [31m[1m>[22m[39m[90m 454 |[39m     console[33m.[39merror([32m'File return error:'[39m[33m,[39m error)[33m;[39m
     [90m     |[39m             [31m[1m^[22m[39m
     [90m 455 |[39m     res[33m.[39mstatus([35m500[39m)[33m.[39mjson({
     [90m 456 |[39m       error[33m:[39m [32m'Failed to return file'[39m[33m,[39m
     [90m 457 |[39m       message[33m:[39m error[33m.[39mmessage[0m

      at routes/files.js:454:13

FAIL tests/files/files.test.js
  File Management Endpoints
    GET /api/files/user/:userId
      ΓêÜ should fetch all files for a valid user (17 ms)
      ΓêÜ should handle missing userId in get files (14 ms)
      ├ù should handle database error on get files (6 ms)
    GET /api/files/all
      ΓêÜ should get all files (4 ms)
      ΓêÜ should return empty results when no files exist (4 ms)
      ΓêÜ should handle database error on get all files (4 ms)
    GET /api/files/search
      ΓêÜ should search files (4 ms)
      ΓêÜ should handle search with missing query parameter (3 ms)
      ΓêÜ should handle search with no results (3 ms)
      ΓêÜ should handle database error on search files (4 ms)
    POST /api/files/add
      ΓêÜ should add file (9 ms)
      ΓêÜ should handle invalid file data (4 ms)
      ΓêÜ should handle database error on add file (4 ms)
    POST /api/files/return
      ΓêÜ should return file (512 ms)
      ΓêÜ should handle missing file on return (4 ms)
      ΓêÜ should handle database error on return file (5 ms)

  ΓùÅ File Management Endpoints ΓÇ║ GET /api/files/user/:userId ΓÇ║ should handle 
database error on get files

    expect(received).toContain(expected) // indexOf

    Expected substring: "error"
    Received string:    "DB Error"

    [0m [90m 112 |[39m
     [90m 113 |[39m       
expect(response[33m.[39mbody[33m.[39merror)[33m.[39mtoBe([32m'Failed to 
retrieve files'[39m)[33m;[39m
    [31m[1m>[22m[39m[90m 114 |[39m       expect(response[33m.[39mbody[33m.
[39mmessage)[33m.[39mtoContain([32m'error'[39m)[33m;[39m
     [90m     |[39m                                     [31m[1m^[22m[39m
     [90m 115 |[39m     })[33m;[39m
     [90m 116 |[39m   })[33m;[39m
     [90m 117 |[39m[0m

      at Object.<anonymous> (tests/files/files.test.js:114:37)

FAIL tests/qr/qrScan.test.js
  QR Code Processing - POST /api/qr/scan
    Valid QR Scan Scenarios
      ├ù should process all available files for a valid user
      ├ù should trigger ESP32 unlock for each file in simulation mode
      ├ù should log access and update file status for each successful unlock
    Error Scenarios
      ├ù should return 400 when userId is missing
      ├ù should return 404 when user does not exist
      ├ù should return 404 when user exists but has no available files
      ├ù should return 500 on database error during file fetch
    Test Endpoint - GET /api/qr/test/:userId
      ├ù should return file data for valid user
      ├ù should return 404 when file not found

  ΓùÅ QR Code Processing - POST /api/qr/scan ΓÇ║ Valid QR Scan Scenarios ΓÇ║ should 
process all available files for a valid user

    SyntaxError: The requested module '../prismaClient.js' does not provide an 
export named 'getRetrievedFilesForUser'

    [0m [90m 44 |[39m
     [90m 45 |[39m   [90m// Import routes after mocking[39m
    [31m[1m>[22m[39m[90m 46 |[39m   [36mconst[39m qrRoutes [33m=[39m 
[36mawait[39m [36mimport[39m([32m'../../routes/qr.js'[39m)[33m;[39m
     [90m    |[39m                    [31m[1m^[22m[39m
     [90m 47 |[39m   app[33m.[39muse([32m'/api/qr'[39m[33m,[39m 
qrRoutes[33m.[39m[36mdefault[39m)[33m;[39m
     [90m 48 |[39m
     [90m 49 |[39m   [90m// Error handler[39m[0m

      at Runtime.linkAndEvaluateModule (node_modules/.pnpm/jest-runtime@30.2.0/node_
modules/jest-runtime/build/index.js:684:5)
      at createTestApp (tests/qr/qrScan.test.js:46:20)
      at Object.<anonymous> (tests/qr/qrScan.test.js:80:11)

  ΓùÅ QR Code Processing - POST /api/qr/scan ΓÇ║ Valid QR Scan Scenarios ΓÇ║ should 
trigger ESP32 unlock for each file in simulation mode

    SyntaxError: The requested module '../prismaClient.js' does not provide an 
export named 'getRetrievedFilesForUser'

    [0m [90m 44 |[39m
     [90m 45 |[39m   [90m// Import routes after mocking[39m
    [31m[1m>[22m[39m[90m 46 |[39m   [36mconst[39m qrRoutes [33m=[39m 
[36mawait[39m [36mimport[39m([32m'../../routes/qr.js'[39m)[33m;[39m
     [90m    |[39m                    [31m[1m^[22m[39m
     [90m 47 |[39m   app[33m.[39muse([32m'/api/qr'[39m[33m,[39m 
qrRoutes[33m.[39m[36mdefault[39m)[33m;[39m
     [90m 48 |[39m
     [90m 49 |[39m   [90m// Error handler[39m[0m

      at Runtime.linkAndEvaluateModule (node_modules/.pnpm/jest-runtime@30.2.0/node_
modules/jest-runtime/build/index.js:684:5)
      at createTestApp (tests/qr/qrScan.test.js:46:20)
      at Object.<anonymous> (tests/qr/qrScan.test.js:80:11)

  ΓùÅ QR Code Processing - POST /api/qr/scan ΓÇ║ Valid QR Scan Scenarios ΓÇ║ should 
log access and update file status for each successful unlock

    SyntaxError: The requested module '../prismaClient.js' does not provide an 
export named 'getRetrievedFilesForUser'

    [0m [90m 44 |[39m
     [90m 45 |[39m   [90m// Import routes after mocking[39m
    [31m[1m>[22m[39m[90m 46 |[39m   [36mconst[39m qrRoutes [33m=[39m 
[36mawait[39m [36mimport[39m([32m'../../routes/qr.js'[39m)[33m;[39m
     [90m    |[39m                    [31m[1m^[22m[39m
     [90m 47 |[39m   app[33m.[39muse([32m'/api/qr'[39m[33m,[39m 
qrRoutes[33m.[39m[36mdefault[39m)[33m;[39m
     [90m 48 |[39m
     [90m 49 |[39m   [90m// Error handler[39m[0m

      at Runtime.linkAndEvaluateModule (node_modules/.pnpm/jest-runtime@30.2.0/node_
modules/jest-runtime/build/index.js:684:5)
      at createTestApp (tests/qr/qrScan.test.js:46:20)
      at Object.<anonymous> (tests/qr/qrScan.test.js:80:11)

  ΓùÅ QR Code Processing - POST /api/qr/scan ΓÇ║ Error Scenarios ΓÇ║ should return 
400 when userId is missing

    SyntaxError: The requested module '../prismaClient.js' does not provide an 
export named 'getRetrievedFilesForUser'

    [0m [90m 44 |[39m
     [90m 45 |[39m   [90m// Import routes after mocking[39m
    [31m[1m>[22m[39m[90m 46 |[39m   [36mconst[39m qrRoutes [33m=[39m 
[36mawait[39m [36mimport[39m([32m'../../routes/qr.js'[39m)[33m;[39m
     [90m    |[39m                    [31m[1m^[22m[39m
     [90m 47 |[39m   app[33m.[39muse([32m'/api/qr'[39m[33m,[39m 
qrRoutes[33m.[39m[36mdefault[39m)[33m;[39m
     [90m 48 |[39m
     [90m 49 |[39m   [90m// Error handler[39m[0m

      at Runtime.linkAndEvaluateModule (node_modules/.pnpm/jest-runtime@30.2.0/node_
modules/jest-runtime/build/index.js:684:5)
      at createTestApp (tests/qr/qrScan.test.js:46:20)
      at Object.<anonymous> (tests/qr/qrScan.test.js:80:11)

  ΓùÅ QR Code Processing - POST /api/qr/scan ΓÇ║ Error Scenarios ΓÇ║ should return 
404 when user does not exist

    SyntaxError: The requested module '../prismaClient.js' does not provide an 
export named 'getRetrievedFilesForUser'

    [0m [90m 44 |[39m
     [90m 45 |[39m   [90m// Import routes after mocking[39m
    [31m[1m>[22m[39m[90m 46 |[39m   [36mconst[39m qrRoutes [33m=[39m 
[36mawait[39m [36mimport[39m([32m'../../routes/qr.js'[39m)[33m;[39m
     [90m    |[39m                    [31m[1m^[22m[39m
     [90m 47 |[39m   app[33m.[39muse([32m'/api/qr'[39m[33m,[39m 
qrRoutes[33m.[39m[36mdefault[39m)[33m;[39m
     [90m 48 |[39m
     [90m 49 |[39m   [90m// Error handler[39m[0m

      at Runtime.linkAndEvaluateModule (node_modules/.pnpm/jest-runtime@30.2.0/node_
modules/jest-runtime/build/index.js:684:5)
      at createTestApp (tests/qr/qrScan.test.js:46:20)
      at Object.<anonymous> (tests/qr/qrScan.test.js:80:11)

  ΓùÅ QR Code Processing - POST /api/qr/scan ΓÇ║ Error Scenarios ΓÇ║ should return 
404 when user exists but has no available files

    SyntaxError: The requested module '../prismaClient.js' does not provide an 
export named 'getRetrievedFilesForUser'

    [0m [90m 44 |[39m
     [90m 45 |[39m   [90m// Import routes after mocking[39m
    [31m[1m>[22m[39m[90m 46 |[39m   [36mconst[39m qrRoutes [33m=[39m 
[36mawait[39m [36mimport[39m([32m'../../routes/qr.js'[39m)[33m;[39m
     [90m    |[39m                    [31m[1m^[22m[39m
     [90m 47 |[39m   app[33m.[39muse([32m'/api/qr'[39m[33m,[39m 
qrRoutes[33m.[39m[36mdefault[39m)[33m;[39m
     [90m 48 |[39m
     [90m 49 |[39m   [90m// Error handler[39m[0m

      at Runtime.linkAndEvaluateModule (node_modules/.pnpm/jest-runtime@30.2.0/node_
modules/jest-runtime/build/index.js:684:5)
      at createTestApp (tests/qr/qrScan.test.js:46:20)
      at Object.<anonymous> (tests/qr/qrScan.test.js:80:11)

  ΓùÅ QR Code Processing - POST /api/qr/scan ΓÇ║ Error Scenarios ΓÇ║ should return 
500 on database error during file fetch

    SyntaxError: The requested module '../prismaClient.js' does not provide an 
export named 'getRetrievedFilesForUser'

    [0m [90m 44 |[39m
     [90m 45 |[39m   [90m// Import routes after mocking[39m
    [31m[1m>[22m[39m[90m 46 |[39m   [36mconst[39m qrRoutes [33m=[39m 
[36mawait[39m [36mimport[39m([32m'../../routes/qr.js'[39m)[33m;[39m
     [90m    |[39m                    [31m[1m^[22m[39m
     [90m 47 |[39m   app[33m.[39muse([32m'/api/qr'[39m[33m,[39m 
qrRoutes[33m.[39m[36mdefault[39m)[33m;[39m
     [90m 48 |[39m
     [90m 49 |[39m   [90m// Error handler[39m[0m

      at Runtime.linkAndEvaluateModule (node_modules/.pnpm/jest-runtime@30.2.0/node_
modules/jest-runtime/build/index.js:684:5)
      at createTestApp (tests/qr/qrScan.test.js:46:20)
      at Object.<anonymous> (tests/qr/qrScan.test.js:80:11)

  ΓùÅ QR Code Processing - POST /api/qr/scan ΓÇ║ Test Endpoint - GET 
/api/qr/test/:userId ΓÇ║ should return file data for valid user

    SyntaxError: The requested module '../prismaClient.js' does not provide an 
export named 'getRetrievedFilesForUser'

    [0m [90m 44 |[39m
     [90m 45 |[39m   [90m// Import routes after mocking[39m
    [31m[1m>[22m[39m[90m 46 |[39m   [36mconst[39m qrRoutes [33m=[39m 
[36mawait[39m [36mimport[39m([32m'../../routes/qr.js'[39m)[33m;[39m
     [90m    |[39m                    [31m[1m^[22m[39m
     [90m 47 |[39m   app[33m.[39muse([32m'/api/qr'[39m[33m,[39m 
qrRoutes[33m.[39m[36mdefault[39m)[33m;[39m
     [90m 48 |[39m
     [90m 49 |[39m   [90m// Error handler[39m[0m

      at Runtime.linkAndEvaluateModule (node_modules/.pnpm/jest-runtime@30.2.0/node_
modules/jest-runtime/build/index.js:684:5)
      at createTestApp (tests/qr/qrScan.test.js:46:20)
      at Object.<anonymous> (tests/qr/qrScan.test.js:80:11)

  ΓùÅ QR Code Processing - POST /api/qr/scan ΓÇ║ Test Endpoint - GET 
/api/qr/test/:userId ΓÇ║ should return 404 when file not found

    SyntaxError: The requested module '../prismaClient.js' does not provide an 
export named 'getRetrievedFilesForUser'

    [0m [90m 44 |[39m
     [90m 45 |[39m   [90m// Import routes after mocking[39m
    [31m[1m>[22m[39m[90m 46 |[39m   [36mconst[39m qrRoutes [33m=[39m 
[36mawait[39m [36mimport[39m([32m'../../routes/qr.js'[39m)[33m;[39m
     [90m    |[39m                    [31m[1m^[22m[39m
     [90m 47 |[39m   app[33m.[39muse([32m'/api/qr'[39m[33m,[39m 
qrRoutes[33m.[39m[36mdefault[39m)[33m;[39m
     [90m 48 |[39m
     [90m 49 |[39m   [90m// Error handler[39m[0m

      at Runtime.linkAndEvaluateModule (node_modules/.pnpm/jest-runtime@30.2.0/node_
modules/jest-runtime/build/index.js:684:5)
      at createTestApp (tests/qr/qrScan.test.js:46:20)
      at Object.<anonymous> (tests/qr/qrScan.test.js:80:11)

  console.error
    Registration error: Error: Database connection failed
        at Object.<anonymous> (C:\Users\ZLSH01LT2304005\Documents\Repos\deans-server\tests\auth\auth.test.js:212:56)
        at Promise.finally.completed (C:\Users\ZLSH01LT2304005\Documents\Repos\deans-server\node_modules\.pnpm\jest-circus@30.2.0\node_modules\jest-circus\build\jestAdapterInit.js:1557:28)
        at new Promise (<anonymous>)
        at callAsyncCircusFn (C:\Users\ZLSH01LT2304005\Documents\Repos\deans-server\node_modules\.pnpm\jest-circus@30.2.0\node_modules\jest-circus\build\jestAdapterInit.js:1497:10)
        at _callCircusTest (C:\Users\ZLSH01LT2304005\Documents\Repos\deans-server\node_modules\.pnpm\jest-circus@30.2.0\node_modules\jest-circus\build\jestAdapterInit.js:1007:40)
        at processTicksAndRejections (node:internal/process/task_queues:103:5)
        at _runTest (C:\Users\ZLSH01LT2304005\Documents\Repos\deans-server\node_modules\.pnpm\jest-circus@30.2.0\node_modules\jest-circus\build\jestAdapterInit.js:947:3)
        at C:\Users\ZLSH01LT2304005\Documents\Repos\deans-server\node_modules\.pnpm\jest-circus@30.2.0\node_modules\jest-circus\build\jestAdapterInit.js:849:7
        at _runTestsForDescribeBlock (C:\Users\ZLSH01LT2304005\Documents\Repos\deans-server\node_modules\.pnpm\jest-circus@30.2.0\node_modules\jest-circus\build\jestAdapterInit.js:862:11)
        at _runTestsForDescribeBlock (C:\Users\ZLSH01LT2304005\Documents\Repos\deans-server\node_modules\.pnpm\jest-circus@30.2.0\node_modules\jest-circus\build\jestAdapterInit.js:857:11)
        at _runTestsForDescribeBlock (C:\Users\ZLSH01LT2304005\Documents\Repos\deans-server\node_modules\.pnpm\jest-circus@30.2.0\node_modules\jest-circus\build\jestAdapterInit.js:857:11)
        at _runTestsForDescribeBlock (C:\Users\ZLSH01LT2304005\Documents\Repos\deans-server\node_modules\.pnpm\jest-circus@30.2.0\node_modules\jest-circus\build\jestAdapterInit.js:857:11)
        at run (C:\Users\ZLSH01LT2304005\Documents\Repos\deans-server\node_modules\.pnpm\jest-circus@30.2.0\node_modules\jest-circus\build\jestAdapterInit.js:761:3)
        at runAndTransformResultsToJestFormat (C:\Users\ZLSH01LT2304005\Documents\Repos\deans-server\node_modules\.pnpm\jest-circus@30.2.0\node_modules\jest-circus\build\jestAdapterInit.js:1918:21)
        at jestAdapter (C:\Users\ZLSH01LT2304005\Documents\Repos\deans-server\node_modules\.pnpm\jest-circus@30.2.0\node_modules\jest-circus\build\runner.js:101:19)
        at runTestInternal (C:\Users\ZLSH01LT2304005\Documents\Repos\deans-server\node_modules\.pnpm\jest-runner@30.2.0\node_modules\jest-runner\build\index.js:275:16)
        at runTest (C:\Users\ZLSH01LT2304005\Documents\Repos\deans-server\node_modules\.pnpm\jest-runner@30.2.0\node_modules\jest-runner\build\index.js:343:7)

    [0m [90m 57 |[39m
     [90m 58 |[39m   } [36mcatch[39m (error) {
    [31m[1m>[22m[39m[90m 59 |[39m     console[33m.[39merror([32m'Registration error:'[39m[33m,[39m error)[33m;[39m
     [90m    |[39m             [31m[1m^[22m[39m
     [90m 60 |[39m     res[33m.[39mstatus([35m500[39m)[33m.[39mjson({
     [90m 61 |[39m       error[33m:[39m [32m'Registration failed'[39m[33m,[39m
     [90m 62 |[39m       message[33m:[39m error[33m.[39mmessage[0m

      at routes/auth.js:59:13

  console.error
    Login error: Error: Database error
        at Object.<anonymous> (C:\Users\ZLSH01LT2304005\Documents\Repos\deans-server\tests\auth\auth.test.js:414:59)
        at Promise.finally.completed (C:\Users\ZLSH01LT2304005\Documents\Repos\deans-server\node_modules\.pnpm\jest-circus@30.2.0\node_modules\jest-circus\build\jestAdapterInit.js:1557:28)
        at new Promise (<anonymous>)
        at callAsyncCircusFn (C:\Users\ZLSH01LT2304005\Documents\Repos\deans-server\node_modules\.pnpm\jest-circus@30.2.0\node_modules\jest-circus\build\jestAdapterInit.js:1497:10)
        at _callCircusTest (C:\Users\ZLSH01LT2304005\Documents\Repos\deans-server\node_modules\.pnpm\jest-circus@30.2.0\node_modules\jest-circus\build\jestAdapterInit.js:1007:40)
        at processTicksAndRejections (node:internal/process/task_queues:103:5)
        at _runTest (C:\Users\ZLSH01LT2304005\Documents\Repos\deans-server\node_modules\.pnpm\jest-circus@30.2.0\node_modules\jest-circus\build\jestAdapterInit.js:947:3)
        at C:\Users\ZLSH01LT2304005\Documents\Repos\deans-server\node_modules\.pnpm\jest-circus@30.2.0\node_modules\jest-circus\build\jestAdapterInit.js:849:7
        at _runTestsForDescribeBlock (C:\Users\ZLSH01LT2304005\Documents\Repos\deans-server\node_modules\.pnpm\jest-circus@30.2.0\node_modules\jest-circus\build\jestAdapterInit.js:862:11)
        at _runTestsForDescribeBlock (C:\Users\ZLSH01LT2304005\Documents\Repos\deans-server\node_modules\.pnpm\jest-circus@30.2.0\node_modules\jest-circus\build\jestAdapterInit.js:857:11)
        at _runTestsForDescribeBlock (C:\Users\ZLSH01LT2304005\Documents\Repos\deans-server\node_modules\.pnpm\jest-circus@30.2.0\node_modules\jest-circus\build\jestAdapterInit.js:857:11)
        at _runTestsForDescribeBlock (C:\Users\ZLSH01LT2304005\Documents\Repos\deans-server\node_modules\.pnpm\jest-circus@30.2.0\node_modules\jest-circus\build\jestAdapterInit.js:857:11)
        at run (C:\Users\ZLSH01LT2304005\Documents\Repos\deans-server\node_modules\.pnpm\jest-circus@30.2.0\node_modules\jest-circus\build\jestAdapterInit.js:761:3)
        at runAndTransformResultsToJestFormat (C:\Users\ZLSH01LT2304005\Documents\Repos\deans-server\node_modules\.pnpm\jest-circus@30.2.0\node_modules\jest-circus\build\jestAdapterInit.js:1918:21)
        at jestAdapter (C:\Users\ZLSH01LT2304005\Documents\Repos\deans-server\node_modules\.pnpm\jest-circus@30.2.0\node_modules\jest-circus\build\runner.js:101:19)
        at runTestInternal (C:\Users\ZLSH01LT2304005\Documents\Repos\deans-server\node_modules\.pnpm\jest-runner@30.2.0\node_modules\jest-runner\build\index.js:275:16)
        at runTest (C:\Users\ZLSH01LT2304005\Documents\Repos\deans-server\node_modules\.pnpm\jest-runner@30.2.0\node_modules\jest-runner\build\index.js:343:7)

    [0m [90m 164 |[39m
     [90m 165 |[39m   } [36mcatch[39m (error) {
    [31m[1m>[22m[39m[90m 166 |[39m     console[33m.[39merror([32m'Login error:'[39m[33m,[39m error)[33m;[39m
     [90m     |[39m             [31m[1m^[22m[39m
     [90m 167 |[39m     res[33m.[39mstatus([35m500[39m)[33m.[39mjson({
     [90m 168 |[39m       error[33m:[39m [32m'Login failed'[39m[33m,[39m
     [90m 169 |[39m       message[33m:[39m error[33m.[39mmessage[0m

      at routes/auth.js:166:13

  console.error
    Verify error: Error: Database error
        at Object.<anonymous> (C:\Users\ZLSH01LT2304005\Documents\Repos\deans-server\tests\auth\auth.test.js:487:60)
        at Promise.finally.completed (C:\Users\ZLSH01LT2304005\Documents\Repos\deans-server\node_modules\.pnpm\jest-circus@30.2.0\node_modules\jest-circus\build\jestAdapterInit.js:1557:28)
        at new Promise (<anonymous>)
        at callAsyncCircusFn (C:\Users\ZLSH01LT2304005\Documents\Repos\deans-server\node_modules\.pnpm\jest-circus@30.2.0\node_modules\jest-circus\build\jestAdapterInit.js:1497:10)
        at _callCircusTest (C:\Users\ZLSH01LT2304005\Documents\Repos\deans-server\node_modules\.pnpm\jest-circus@30.2.0\node_modules\jest-circus\build\jestAdapterInit.js:1007:40)
        at processTicksAndRejections (node:internal/process/task_queues:103:5)
        at _runTest (C:\Users\ZLSH01LT2304005\Documents\Repos\deans-server\node_modules\.pnpm\jest-circus@30.2.0\node_modules\jest-circus\build\jestAdapterInit.js:947:3)
        at C:\Users\ZLSH01LT2304005\Documents\Repos\deans-server\node_modules\.pnpm\jest-circus@30.2.0\node_modules\jest-circus\build\jestAdapterInit.js:849:7
        at _runTestsForDescribeBlock (C:\Users\ZLSH01LT2304005\Documents\Repos\deans-server\node_modules\.pnpm\jest-circus@30.2.0\node_modules\jest-circus\build\jestAdapterInit.js:862:11)
        at _runTestsForDescribeBlock (C:\Users\ZLSH01LT2304005\Documents\Repos\deans-server\node_modules\.pnpm\jest-circus@30.2.0\node_modules\jest-circus\build\jestAdapterInit.js:857:11)
        at _runTestsForDescribeBlock (C:\Users\ZLSH01LT2304005\Documents\Repos\deans-server\node_modules\.pnpm\jest-circus@30.2.0\node_modules\jest-circus\build\jestAdapterInit.js:857:11)
        at _runTestsForDescribeBlock (C:\Users\ZLSH01LT2304005\Documents\Repos\deans-server\node_modules\.pnpm\jest-circus@30.2.0\node_modules\jest-circus\build\jestAdapterInit.js:857:11)
        at run (C:\Users\ZLSH01LT2304005\Documents\Repos\deans-server\node_modules\.pnpm\jest-circus@30.2.0\node_modules\jest-circus\build\jestAdapterInit.js:761:3)
        at runAndTransformResultsToJestFormat (C:\Users\ZLSH01LT2304005\Documents\Repos\deans-server\node_modules\.pnpm\jest-circus@30.2.0\node_modules\jest-circus\build\jestAdapterInit.js:1918:21)
        at jestAdapter (C:\Users\ZLSH01LT2304005\Documents\Repos\deans-server\node_modules\.pnpm\jest-circus@30.2.0\node_modules\jest-circus\build\runner.js:101:19)
        at runTestInternal (C:\Users\ZLSH01LT2304005\Documents\Repos\deans-server\node_modules\.pnpm\jest-runner@30.2.0\node_modules\jest-runner\build\index.js:275:16)
        at runTest (C:\Users\ZLSH01LT2304005\Documents\Repos\deans-server\node_modules\.pnpm\jest-runner@30.2.0\node_modules\jest-runner\build\index.js:343:7)

    [0m [90m 245 |[39m
     [90m 246 |[39m   } [36mcatch[39m (error) {
    [31m[1m>[22m[39m[90m 247 |[39m     console[33m.[39merror([32m'Verify error:'[39m[33m,[39m error)[33m;[39m
     [90m     |[39m             [31m[1m^[22m[39m
     [90m 248 |[39m     res[33m.[39mstatus([35m500[39m)[33m.[39mjson({
     [90m 249 |[39m       error[33m:[39m [32m'Verification failed'[39m[33m,[39m
     [90m 250 |[39m       message[33m:[39m error[33m.[39mmessage[0m

      at routes/auth.js:247:13

PASS tests/auth/auth.test.js
  Authentication API
    POST /api/auth/register
      Successful Registration
        ΓêÜ should register a new user with all fields (80 ms)
        ΓêÜ should register a user with only required fields (65 ms)
        ΓêÜ should hash the password before storing (120 ms)
      Validation Errors
        ΓêÜ should return 400 when userId is missing (3 ms)
        ΓêÜ should return 400 when password is missing (3 ms)
        ΓêÜ should return 400 when name is missing (4 ms)
        ΓêÜ should return 400 when all required fields are missing (3 ms)
      Duplicate User Errors
        ΓêÜ should return 409 when userId already exists (4 ms)
      Database Errors
        ΓêÜ should return 500 when database create fails (63 ms)
    POST /api/auth/login
      Successful Login
        ΓêÜ should login with valid credentials (122 ms)
        ΓêÜ should not expose password in response (121 ms)
      Validation Errors
        ΓêÜ should return 400 when userId is missing (3 ms)
        ΓêÜ should return 400 when password is missing (3 ms)
        ΓêÜ should return 400 when both fields are missing (3 ms)
      Authentication Errors
        ΓêÜ should return 401 when user does not exist (3 ms)
        ΓêÜ should return 401 when password is incorrect (123 ms)
        ΓêÜ should not reveal whether user exists or password is wrong (64 ms)
      Database Errors
        ΓêÜ should return 500 when database query fails (4 ms)
    GET /api/auth/verify/:userId
      Successful Verification
        ΓêÜ should verify existing user (5 ms)
        ΓêÜ should not expose password in verification response (3 ms)
      User Not Found
        ΓêÜ should return 404 when user does not exist (2 ms)
      Database Errors
        ΓêÜ should return 500 when database query fails (4 ms)
    Integration Tests
      ΓêÜ should be able to register and then login (183 ms)
      ΓêÜ should verify user after registration (123 ms)

  console.error
    checkUserExists error: Error: DB Error
        at Object.<anonymous> (C:\Users\ZLSH01LT2304005\Documents\Repos\deans-server\tests\db\prisma.test.js:41:58)
        at Promise.finally.completed (C:\Users\ZLSH01LT2304005\Documents\Repos\deans-server\node_modules\.pnpm\jest-circus@30.2.0\node_modules\jest-circus\build\jestAdapterInit.js:1557:28)
        at new Promise (<anonymous>)
        at callAsyncCircusFn (C:\Users\ZLSH01LT2304005\Documents\Repos\deans-server\node_modules\.pnpm\jest-circus@30.2.0\node_modules\jest-circus\build\jestAdapterInit.js:1497:10)
        at _callCircusTest (C:\Users\ZLSH01LT2304005\Documents\Repos\deans-server\node_modules\.pnpm\jest-circus@30.2.0\node_modules\jest-circus\build\jestAdapterInit.js:1007:40)
        at _runTest (C:\Users\ZLSH01LT2304005\Documents\Repos\deans-server\node_modules\.pnpm\jest-circus@30.2.0\node_modules\jest-circus\build\jestAdapterInit.js:947:3)
        at C:\Users\ZLSH01LT2304005\Documents\Repos\deans-server\node_modules\.pnpm\jest-circus@30.2.0\node_modules\jest-circus\build\jestAdapterInit.js:849:7
        at _runTestsForDescribeBlock (C:\Users\ZLSH01LT2304005\Documents\Repos\deans-server\node_modules\.pnpm\jest-circus@30.2.0\node_modules\jest-circus\build\jestAdapterInit.js:862:11)
        at _runTestsForDescribeBlock (C:\Users\ZLSH01LT2304005\Documents\Repos\deans-server\node_modules\.pnpm\jest-circus@30.2.0\node_modules\jest-circus\build\jestAdapterInit.js:857:11)
        at _runTestsForDescribeBlock (C:\Users\ZLSH01LT2304005\Documents\Repos\deans-server\node_modules\.pnpm\jest-circus@30.2.0\node_modules\jest-circus\build\jestAdapterInit.js:857:11)
        at run (C:\Users\ZLSH01LT2304005\Documents\Repos\deans-server\node_modules\.pnpm\jest-circus@30.2.0\node_modules\jest-circus\build\jestAdapterInit.js:761:3)
        at runAndTransformResultsToJestFormat (C:\Users\ZLSH01LT2304005\Documents\Repos\deans-server\node_modules\.pnpm\jest-circus@30.2.0\node_modules\jest-circus\build\jestAdapterInit.js:1918:21)
        at jestAdapter (C:\Users\ZLSH01LT2304005\Documents\Repos\deans-server\node_modules\.pnpm\jest-circus@30.2.0\node_modules\jest-circus\build\runner.js:101:19)
        at runTestInternal (C:\Users\ZLSH01LT2304005\Documents\Repos\deans-server\node_modules\.pnpm\jest-runner@30.2.0\node_modules\jest-runner\build\index.js:275:16)
        at runTest (C:\Users\ZLSH01LT2304005\Documents\Repos\deans-server\node_modules\.pnpm\jest-runner@30.2.0\node_modules\jest-runner\build\index.js:343:7)

    [0m [90m 316 |[39m     [36mreturn[39m user [33m!==[39m [36mnull[39m[33m;[39m
     [90m 317 |[39m   } [36mcatch[39m (error) {
    [31m[1m>[22m[39m[90m 318 |[39m     console[33m.[39merror([32m'checkUserExists error:'[39m[33m,[39m error)[33m;[39m
     [90m     |[39m             [31m[1m^[22m[39m
     [90m 319 |[39m     [36mreturn[39m [36mfalse[39m[33m;[39m
     [90m 320 |[39m   }
     [90m 321 |[39m }[33m;[39m[0m

      at checkUserExists (prismaClient.js:318:13)
      at Object.<anonymous> (tests/db/prisma.test.js:43:22)

  console.error
    getFileLocation error: Error: DB Error
        at Object.<anonymous> (C:\Users\ZLSH01LT2304005\Documents\Repos\deans-server\tests\db\prisma.test.js:115:57)
        at Promise.finally.completed (C:\Users\ZLSH01LT2304005\Documents\Repos\deans-server\node_modules\.pnpm\jest-circus@30.2.0\node_modules\jest-circus\build\jestAdapterInit.js:1557:28)
        at new Promise (<anonymous>)
        at callAsyncCircusFn (C:\Users\ZLSH01LT2304005\Documents\Repos\deans-server\node_modules\.pnpm\jest-circus@30.2.0\node_modules\jest-circus\build\jestAdapterInit.js:1497:10)
        at _callCircusTest (C:\Users\ZLSH01LT2304005\Documents\Repos\deans-server\node_modules\.pnpm\jest-circus@30.2.0\node_modules\jest-circus\build\jestAdapterInit.js:1007:40)
        at _runTest (C:\Users\ZLSH01LT2304005\Documents\Repos\deans-server\node_modules\.pnpm\jest-circus@30.2.0\node_modules\jest-circus\build\jestAdapterInit.js:947:3)
        at C:\Users\ZLSH01LT2304005\Documents\Repos\deans-server\node_modules\.pnpm\jest-circus@30.2.0\node_modules\jest-circus\build\jestAdapterInit.js:849:7
        at _runTestsForDescribeBlock (C:\Users\ZLSH01LT2304005\Documents\Repos\deans-server\node_modules\.pnpm\jest-circus@30.2.0\node_modules\jest-circus\build\jestAdapterInit.js:862:11)
        at _runTestsForDescribeBlock (C:\Users\ZLSH01LT2304005\Documents\Repos\deans-server\node_modules\.pnpm\jest-circus@30.2.0\node_modules\jest-circus\build\jestAdapterInit.js:857:11)
        at _runTestsForDescribeBlock (C:\Users\ZLSH01LT2304005\Documents\Repos\deans-server\node_modules\.pnpm\jest-circus@30.2.0\node_modules\jest-circus\build\jestAdapterInit.js:857:11)
        at run (C:\Users\ZLSH01LT2304005\Documents\Repos\deans-server\node_modules\.pnpm\jest-circus@30.2.0\node_modules\jest-circus\build\jestAdapterInit.js:761:3)
        at runAndTransformResultsToJestFormat (C:\Users\ZLSH01LT2304005\Documents\Repos\deans-server\node_modules\.pnpm\jest-circus@30.2.0\node_modules\jest-circus\build\jestAdapterInit.js:1918:21)
        at jestAdapter (C:\Users\ZLSH01LT2304005\Documents\Repos\deans-server\node_modules\.pnpm\jest-circus@30.2.0\node_modules\jest-circus\build\runner.js:101:19)
        at runTestInternal (C:\Users\ZLSH01LT2304005\Documents\Repos\deans-server\node_modules\.pnpm\jest-runner@30.2.0\node_modules\jest-runner\build\index.js:275:16)
        at runTest (C:\Users\ZLSH01LT2304005\Documents\Repos\deans-server\node_modules\.pnpm\jest-runner@30.2.0\node_modules\jest-runner\build\index.js:343:7)

    [0m [90m 363 |[39m     }[33m;[39m
     [90m 364 |[39m   } [36mcatch[39m (error) {
    [31m[1m>[22m[39m[90m 365 |[39m     console[33m.[39merror([32m'getFileLocation error:'[39m[33m,[39m error)[33m;[39m
     [90m     |[39m             [31m[1m^[22m[39m
     [90m 366 |[39m     [36mthrow[39m error[33m;[39m
     [90m 367 |[39m   }
     [90m 368 |[39m }[33m;[39m[0m

      at getFileLocation (prismaClient.js:365:13)
      at Object.<anonymous> (tests/db/prisma.test.js:117:7)

  console.error
    getUserFiles error: Error: DB Error
        at Object.<anonymous> (C:\Users\ZLSH01LT2304005\Documents\Repos\deans-server\tests\db\prisma.test.js:148:56)
        at Promise.finally.completed (C:\Users\ZLSH01LT2304005\Documents\Repos\deans-server\node_modules\.pnpm\jest-circus@30.2.0\node_modules\jest-circus\build\jestAdapterInit.js:1557:28)
        at new Promise (<anonymous>)
        at callAsyncCircusFn (C:\Users\ZLSH01LT2304005\Documents\Repos\deans-server\node_modules\.pnpm\jest-circus@30.2.0\node_modules\jest-circus\build\jestAdapterInit.js:1497:10)
        at _callCircusTest (C:\Users\ZLSH01LT2304005\Documents\Repos\deans-server\node_modules\.pnpm\jest-circus@30.2.0\node_modules\jest-circus\build\jestAdapterInit.js:1007:40)
        at _runTest (C:\Users\ZLSH01LT2304005\Documents\Repos\deans-server\node_modules\.pnpm\jest-circus@30.2.0\node_modules\jest-circus\build\jestAdapterInit.js:947:3)
        at C:\Users\ZLSH01LT2304005\Documents\Repos\deans-server\node_modules\.pnpm\jest-circus@30.2.0\node_modules\jest-circus\build\jestAdapterInit.js:849:7
        at _runTestsForDescribeBlock (C:\Users\ZLSH01LT2304005\Documents\Repos\deans-server\node_modules\.pnpm\jest-circus@30.2.0\node_modules\jest-circus\build\jestAdapterInit.js:862:11)
        at _runTestsForDescribeBlock (C:\Users\ZLSH01LT2304005\Documents\Repos\deans-server\node_modules\.pnpm\jest-circus@30.2.0\node_modules\jest-circus\build\jestAdapterInit.js:857:11)
        at _runTestsForDescribeBlock (C:\Users\ZLSH01LT2304005\Documents\Repos\deans-server\node_modules\.pnpm\jest-circus@30.2.0\node_modules\jest-circus\build\jestAdapterInit.js:857:11)
        at run (C:\Users\ZLSH01LT2304005\Documents\Repos\deans-server\node_modules\.pnpm\jest-circus@30.2.0\node_modules\jest-circus\build\jestAdapterInit.js:761:3)
        at runAndTransformResultsToJestFormat (C:\Users\ZLSH01LT2304005\Documents\Repos\deans-server\node_modules\.pnpm\jest-circus@30.2.0\node_modules\jest-circus\build\jestAdapterInit.js:1918:21)
        at jestAdapter (C:\Users\ZLSH01LT2304005\Documents\Repos\deans-server\node_modules\.pnpm\jest-circus@30.2.0\node_modules\jest-circus\build\runner.js:101:19)
        at runTestInternal (C:\Users\ZLSH01LT2304005\Documents\Repos\deans-server\node_modules\.pnpm\jest-runner@30.2.0\node_modules\jest-runner\build\index.js:275:16)
        at runTest (C:\Users\ZLSH01LT2304005\Documents\Repos\deans-server\node_modules\.pnpm\jest-runner@30.2.0\node_modules\jest-runner\build\index.js:343:7)

    [0m [90m 238 |[39m     }))[33m;[39m
     [90m 239 |[39m   } [36mcatch[39m (error) {
    [31m[1m>[22m[39m[90m 240 |[39m     console[33m.[39merror([32m'getUserFiles error:'[39m[33m,[39m error)[33m;[39m
     [90m     |[39m             [31m[1m^[22m[39m
     [90m 241 |[39m     [36mthrow[39m error[33m;[39m
     [90m 242 |[39m   }
     [90m 243 |[39m }[33m;[39m[0m

      at getUserFiles (prismaClient.js:240:13)
      at Object.<anonymous> (tests/db/prisma.test.js:150:7)

  console.error
    addFile error: Error: DB Error
        at Object.<anonymous> (C:\Users\ZLSH01LT2304005\Documents\Repos\deans-server\tests\db\prisma.test.js:189:54)
        at Promise.finally.completed (C:\Users\ZLSH01LT2304005\Documents\Repos\deans-server\node_modules\.pnpm\jest-circus@30.2.0\node_modules\jest-circus\build\jestAdapterInit.js:1557:28)
        at new Promise (<anonymous>)
        at callAsyncCircusFn (C:\Users\ZLSH01LT2304005\Documents\Repos\deans-server\node_modules\.pnpm\jest-circus@30.2.0\node_modules\jest-circus\build\jestAdapterInit.js:1497:10)
        at _callCircusTest (C:\Users\ZLSH01LT2304005\Documents\Repos\deans-server\node_modules\.pnpm\jest-circus@30.2.0\node_modules\jest-circus\build\jestAdapterInit.js:1007:40)
        at _runTest (C:\Users\ZLSH01LT2304005\Documents\Repos\deans-server\node_modules\.pnpm\jest-circus@30.2.0\node_modules\jest-circus\build\jestAdapterInit.js:947:3)
        at C:\Users\ZLSH01LT2304005\Documents\Repos\deans-server\node_modules\.pnpm\jest-circus@30.2.0\node_modules\jest-circus\build\jestAdapterInit.js:849:7
        at _runTestsForDescribeBlock (C:\Users\ZLSH01LT2304005\Documents\Repos\deans-server\node_modules\.pnpm\jest-circus@30.2.0\node_modules\jest-circus\build\jestAdapterInit.js:862:11)
        at _runTestsForDescribeBlock (C:\Users\ZLSH01LT2304005\Documents\Repos\deans-server\node_modules\.pnpm\jest-circus@30.2.0\node_modules\jest-circus\build\jestAdapterInit.js:857:11)
        at _runTestsForDescribeBlock (C:\Users\ZLSH01LT2304005\Documents\Repos\deans-server\node_modules\.pnpm\jest-circus@30.2.0\node_modules\jest-circus\build\jestAdapterInit.js:857:11)
        at run (C:\Users\ZLSH01LT2304005\Documents\Repos\deans-server\node_modules\.pnpm\jest-circus@30.2.0\node_modules\jest-circus\build\jestAdapterInit.js:761:3)
        at runAndTransformResultsToJestFormat (C:\Users\ZLSH01LT2304005\Documents\Repos\deans-server\node_modules\.pnpm\jest-circus@30.2.0\node_modules\jest-circus\build\jestAdapterInit.js:1918:21)
        at jestAdapter (C:\Users\ZLSH01LT2304005\Documents\Repos\deans-server\node_modules\.pnpm\jest-circus@30.2.0\node_modules\jest-circus\build\runner.js:101:19)
        at runTestInternal (C:\Users\ZLSH01LT2304005\Documents\Repos\deans-server\node_modules\.pnpm\jest-runner@30.2.0\node_modules\jest-runner\build\index.js:275:16)
        at runTest (C:\Users\ZLSH01LT2304005\Documents\Repos\deans-server\node_modules\.pnpm\jest-runner@30.2.0\node_modules\jest-runner\build\index.js:343:7)

    [0m [90m 466 |[39m     [36mreturn[39m { fileId[33m:[39m file[33m.[39mid }[33m;[39m
     [90m 467 |[39m   } [36mcatch[39m (error) {
    [31m[1m>[22m[39m[90m 468 |[39m     console[33m.[39merror([32m'addFile error:'[39m[33m,[39m error)[33m;[39m
     [90m     |[39m             [31m[1m^[22m[39m
     [90m 469 |[39m     [36mthrow[39m error[33m;[39m
     [90m 470 |[39m   }
     [90m 471 |[39m }[33m;[39m[0m

      at addFile (prismaClient.js:468:13)
      at Object.<anonymous> (tests/db/prisma.test.js:191:7)

  console.log
    ≡ƒô¥ Transaction logged: RETRIEVAL for file 1 by user PUP001

      at logAccess (prismaClient.js:400:13)

  console.log
    ≡ƒô¥ Transaction logged: RETRIEVAL for file 1 by user PUP001

      at logAccess (prismaClient.js:400:13)

  console.log
    ≡ƒô¥ Transaction logged: RETURN for file 1 by user PUP001

      at logAccess (prismaClient.js:400:13)

  console.error
    Transaction logging error: Error: DB Error
        at Object.<anonymous> (C:\Users\ZLSH01LT2304005\Documents\Repos\deans-server\tests\db\prisma.test.js:256:61)
        at Promise.finally.completed (C:\Users\ZLSH01LT2304005\Documents\Repos\deans-server\node_modules\.pnpm\jest-circus@30.2.0\node_modules\jest-circus\build\jestAdapterInit.js:1557:28)
        at new Promise (<anonymous>)
        at callAsyncCircusFn (C:\Users\ZLSH01LT2304005\Documents\Repos\deans-server\node_modules\.pnpm\jest-circus@30.2.0\node_modules\jest-circus\build\jestAdapterInit.js:1497:10)
        at _callCircusTest (C:\Users\ZLSH01LT2304005\Documents\Repos\deans-server\node_modules\.pnpm\jest-circus@30.2.0\node_modules\jest-circus\build\jestAdapterInit.js:1007:40)
        at _runTest (C:\Users\ZLSH01LT2304005\Documents\Repos\deans-server\node_modules\.pnpm\jest-circus@30.2.0\node_modules\jest-circus\build\jestAdapterInit.js:947:3)
        at C:\Users\ZLSH01LT2304005\Documents\Repos\deans-server\node_modules\.pnpm\jest-circus@30.2.0\node_modules\jest-circus\build\jestAdapterInit.js:849:7
        at _runTestsForDescribeBlock (C:\Users\ZLSH01LT2304005\Documents\Repos\deans-server\node_modules\.pnpm\jest-circus@30.2.0\node_modules\jest-circus\build\jestAdapterInit.js:862:11)
        at _runTestsForDescribeBlock (C:\Users\ZLSH01LT2304005\Documents\Repos\deans-server\node_modules\.pnpm\jest-circus@30.2.0\node_modules\jest-circus\build\jestAdapterInit.js:857:11)
        at _runTestsForDescribeBlock (C:\Users\ZLSH01LT2304005\Documents\Repos\deans-server\node_modules\.pnpm\jest-circus@30.2.0\node_modules\jest-circus\build\jestAdapterInit.js:857:11)
        at run (C:\Users\ZLSH01LT2304005\Documents\Repos\deans-server\node_modules\.pnpm\jest-circus@30.2.0\node_modules\jest-circus\build\jestAdapterInit.js:761:3)
        at runAndTransformResultsToJestFormat (C:\Users\ZLSH01LT2304005\Documents\Repos\deans-server\node_modules\.pnpm\jest-circus@30.2.0\node_modules\jest-circus\build\jestAdapterInit.js:1918:21)
        at jestAdapter (C:\Users\ZLSH01LT2304005\Documents\Repos\deans-server\node_modules\.pnpm\jest-circus@30.2.0\node_modules\jest-circus\build\runner.js:101:19)
        at runTestInternal (C:\Users\ZLSH01LT2304005\Documents\Repos\deans-server\node_modules\.pnpm\jest-runner@30.2.0\node_modules\jest-runner\build\index.js:275:16)
        at runTest (C:\Users\ZLSH01LT2304005\Documents\Repos\deans-server\node_modules\.pnpm\jest-runner@30.2.0\node_modules\jest-runner\build\index.js:343:7)

    [0m [90m 401 |[39m     [36mreturn[39m { logId[33m:[39m transaction[33m.[39mid }[33m;[39m
     [90m 402 |[39m   } [36mcatch[39m (error) {
    [31m[1m>[22m[39m[90m 403 |[39m     console[33m.[39merror([32m'Transaction logging error:'[39m[33m,[39m error)[33m;[39m
     [90m     |[39m             [31m[1m^[22m[39m
     [90m 404 |[39m     [36mthrow[39m error[33m;[39m
     [90m 405 |[39m   }
     [90m 406 |[39m }[33m;[39m[0m

      at logAccess (prismaClient.js:403:13)
      at Object.<anonymous> (tests/db/prisma.test.js:258:7)

  console.log
    ≡ƒôä File 1 status updated to RETRIEVED

      at updateFileAccess (prismaClient.js:418:13)

  console.error
    updateFileAccess error: Error: DB Error
        at Object.<anonymous> (C:\Users\ZLSH01LT2304005\Documents\Repos\deans-server\tests\db\prisma.test.js:280:54)
        at Promise.finally.completed (C:\Users\ZLSH01LT2304005\Documents\Repos\deans-server\node_modules\.pnpm\jest-circus@30.2.0\node_modules\jest-circus\build\jestAdapterInit.js:1557:28)
        at new Promise (<anonymous>)
        at callAsyncCircusFn (C:\Users\ZLSH01LT2304005\Documents\Repos\deans-server\node_modules\.pnpm\jest-circus@30.2.0\node_modules\jest-circus\build\jestAdapterInit.js:1497:10)
        at _callCircusTest (C:\Users\ZLSH01LT2304005\Documents\Repos\deans-server\node_modules\.pnpm\jest-circus@30.2.0\node_modules\jest-circus\build\jestAdapterInit.js:1007:40)
        at _runTest (C:\Users\ZLSH01LT2304005\Documents\Repos\deans-server\node_modules\.pnpm\jest-circus@30.2.0\node_modules\jest-circus\build\jestAdapterInit.js:947:3)
        at C:\Users\ZLSH01LT2304005\Documents\Repos\deans-server\node_modules\.pnpm\jest-circus@30.2.0\node_modules\jest-circus\build\jestAdapterInit.js:849:7
        at _runTestsForDescribeBlock (C:\Users\ZLSH01LT2304005\Documents\Repos\deans-server\node_modules\.pnpm\jest-circus@30.2.0\node_modules\jest-circus\build\jestAdapterInit.js:862:11)
        at _runTestsForDescribeBlock (C:\Users\ZLSH01LT2304005\Documents\Repos\deans-server\node_modules\.pnpm\jest-circus@30.2.0\node_modules\jest-circus\build\jestAdapterInit.js:857:11)
        at _runTestsForDescribeBlock (C:\Users\ZLSH01LT2304005\Documents\Repos\deans-server\node_modules\.pnpm\jest-circus@30.2.0\node_modules\jest-circus\build\jestAdapterInit.js:857:11)
        at run (C:\Users\ZLSH01LT2304005\Documents\Repos\deans-server\node_modules\.pnpm\jest-circus@30.2.0\node_modules\jest-circus\build\jestAdapterInit.js:761:3)
        at runAndTransformResultsToJestFormat (C:\Users\ZLSH01LT2304005\Documents\Repos\deans-server\node_modules\.pnpm\jest-circus@30.2.0\node_modules\jest-circus\build\jestAdapterInit.js:1918:21)
        at jestAdapter (C:\Users\ZLSH01LT2304005\Documents\Repos\deans-server\node_modules\.pnpm\jest-circus@30.2.0\node_modules\jest-circus\build\runner.js:101:19)
        at runTestInternal (C:\Users\ZLSH01LT2304005\Documents\Repos\deans-server\node_modules\.pnpm\jest-runner@30.2.0\node_modules\jest-runner\build\index.js:275:16)
        at runTest (C:\Users\ZLSH01LT2304005\Documents\Repos\deans-server\node_modules\.pnpm\jest-runner@30.2.0\node_modules\jest-runner\build\index.js:343:7)

    [0m [90m 419 |[39m     [36mreturn[39m { updated[33m:[39m [35m1[39m }[33m;[39m
     [90m 420 |[39m   } [36mcatch[39m (error) {
    [31m[1m>[22m[39m[90m 421 |[39m     console[33m.[39merror([32m'updateFileAccess error:'[39m[33m,[39m error)[33m;[39m
     [90m     |[39m             [31m[1m^[22m[39m
     [90m 422 |[39m     [36mthrow[39m error[33m;[39m
     [90m 423 |[39m   }
     [90m 424 |[39m }[33m;[39m[0m

      at updateFileAccess (prismaClient.js:421:13)
      at Object.<anonymous> (tests/db/prisma.test.js:282:7)

PASS tests/db/prisma.test.js
  Database Layer - Prisma Client Functions
    checkUserExists
      ΓêÜ should return true when user exists (2 ms)
      ΓêÜ should return false when user does not exist (1 ms)
      ΓêÜ should return false on database error (4 ms)
    getFileLocation
      ΓêÜ should return file location for valid user with available files
      ΓêÜ should return specific file when filename is provided
      ΓêÜ should return null when no available files found
      ΓêÜ should throw error on database failure (3 ms)
    getUserFiles
      ΓêÜ should return all files for a user (1 ms)
      ΓêÜ should return empty array when user has no files
      ΓêÜ should throw error on database failure (4 ms)
    addFile
      ΓêÜ should add a new file successfully (1 ms)
      ΓêÜ should throw error on database failure (3 ms)
    logAccess
      ΓêÜ should log retrieval access successfully (1 ms)
      ΓêÜ should log failed access with correct notes (1 ms)
      ΓêÜ should map return access type correctly (1 ms)
      ΓêÜ should throw error on database failure (3 ms)
    updateFileAccess
      ΓêÜ should update file status to RETRIEVED (1 ms)
      ΓêÜ should throw error on database failure (3 ms)

Test Suites: 4 failed, 2 passed, 6 total
Tests:       13 failed, 85 passed, 98 total
Snapshots:   0 total
Time:        9.924 s, estimated 10 s
Ran all test suites.
Force exiting Jest: Have you considered using `--detectOpenHandles` to detect async 
operations that kept running after all tests finished?
